Component: ARM Compiler 5.05 update 1 (build 106) Tool: armlink [4d0efa]

==============================================================================

Section Cross References

    main.o(i.USART1_IRQHandler) refers to stm32f4xx_usart.o(i.USART_GetITStatus) for USART_GetITStatus
    main.o(i.USART1_IRQHandler) refers to stm32f4xx_usart.o(i.USART_ReceiveData) for USART_ReceiveData
    main.o(i.USART1_IRQHandler) refers to rt_memclr.o(.text) for __aeabi_memclr
    main.o(i.USART1_IRQHandler) refers to stm32f4xx_usart.o(i.USART_ClearITPendingBit) for USART_ClearITPendingBit
    main.o(i.USART1_IRQHandler) refers to main.o(.data) for rx_count
    main.o(i.USART1_IRQHandler) refers to main.o(.bss) for buffer
    main.o(i.main) refers to _printf_percent.o(.ARM.Collect$$_printf_percent$$00000000) for _printf_percent
    main.o(i.main) refers to _printf_s.o(.ARM.Collect$$_printf_percent$$00000014) for _printf_s
    main.o(i.main) refers to _printf_str.o(.text) for _printf_str
    main.o(i.main) refers to misc.o(i.NVIC_PriorityGroupConfig) for NVIC_PriorityGroupConfig
    main.o(i.main) refers to led.o(i.Led_Init) for Led_Init
    main.o(i.main) refers to delay.o(i.Delay_Init) for Delay_Init
    main.o(i.main) refers to oled_i2c.o(i.I2C_Configuration) for I2C_Configuration
    main.o(i.main) refers to oled_i2c.o(i.OLED_Init) for OLED_Init
    main.o(i.main) refers to pwm.o(i.Pwm_Init) for Pwm_Init
    main.o(i.main) refers to sr04.o(i.Sr04_Init) for Sr04_Init
    main.o(i.main) refers to usart.o(i.Usart1_Init) for Usart1_Init
    main.o(i.main) refers to oled_i2c.o(i.OLED_Fill) for OLED_Fill
    main.o(i.main) refers to oled_i2c.o(i.OLED_ShowCN) for OLED_ShowCN
    main.o(i.main) refers to noretval__2printf.o(.text) for __2printf
    main.o(i.main) refers to strcmpv7m.o(.text) for strcmp
    main.o(i.main) refers to control.o(i.Car_forward) for Car_forward
    main.o(i.main) refers to control.o(i.Car_backward) for Car_backward
    main.o(i.main) refers to control.o(i.Car_speedup) for Car_speedup
    main.o(i.main) refers to control.o(i.Car_speeddown) for Car_speeddown
    main.o(i.main) refers to control.o(i.Car_stop) for Car_stop
    main.o(i.main) refers to control.o(i.Car_turnright) for Car_turnright
    main.o(i.main) refers to control.o(i.Car_turnleft) for Car_turnleft
    main.o(i.main) refers to rt_memclr.o(.text) for __aeabi_memclr
    main.o(i.main) refers to control.o(i.Car_obstacle) for Car_obstacle
    main.o(i.main) refers to main.o(.data) for rx_flag
    main.o(i.main) refers to main.o(.bss) for rx_buffer
    led.o(i.Led_Init) refers to stm32f4xx_rcc.o(i.RCC_AHB1PeriphClockCmd) for RCC_AHB1PeriphClockCmd
    led.o(i.Led_Init) refers to stm32f4xx_gpio.o(i.GPIO_Init) for GPIO_Init
    led.o(i.Led_Init) refers to stm32f4xx_gpio.o(i.GPIO_SetBits) for GPIO_SetBits
    beep.o(i.Beep_Init) refers to stm32f4xx_rcc.o(i.RCC_AHB1PeriphClockCmd) for RCC_AHB1PeriphClockCmd
    beep.o(i.Beep_Init) refers to stm32f4xx_gpio.o(i.GPIO_Init) for GPIO_Init
    key.o(i.Key_Init) refers to stm32f4xx_rcc.o(i.RCC_AHB1PeriphClockCmd) for RCC_AHB1PeriphClockCmd
    key.o(i.Key_Init) refers to stm32f4xx_gpio.o(i.GPIO_Init) for GPIO_Init
    exti.o(i.EXTI0_IRQHandler) refers to stm32f4xx_exti.o(i.EXTI_GetITStatus) for EXTI_GetITStatus
    exti.o(i.EXTI0_IRQHandler) refers to stm32f4xx_gpio.o(i.GPIO_ToggleBits) for GPIO_ToggleBits
    exti.o(i.EXTI0_IRQHandler) refers to stm32f4xx_exti.o(i.EXTI_ClearITPendingBit) for EXTI_ClearITPendingBit
    exti.o(i.EXTI2_IRQHandler) refers to stm32f4xx_exti.o(i.EXTI_GetITStatus) for EXTI_GetITStatus
    exti.o(i.EXTI2_IRQHandler) refers to stm32f4xx_gpio.o(i.GPIO_ToggleBits) for GPIO_ToggleBits
    exti.o(i.EXTI2_IRQHandler) refers to stm32f4xx_exti.o(i.EXTI_ClearITPendingBit) for EXTI_ClearITPendingBit
    exti.o(i.EXTI3_IRQHandler) refers to stm32f4xx_exti.o(i.EXTI_GetITStatus) for EXTI_GetITStatus
    exti.o(i.EXTI3_IRQHandler) refers to stm32f4xx_gpio.o(i.GPIO_ToggleBits) for GPIO_ToggleBits
    exti.o(i.EXTI3_IRQHandler) refers to stm32f4xx_exti.o(i.EXTI_ClearITPendingBit) for EXTI_ClearITPendingBit
    exti.o(i.EXTI4_IRQHandler) refers to stm32f4xx_exti.o(i.EXTI_GetITStatus) for EXTI_GetITStatus
    exti.o(i.EXTI4_IRQHandler) refers to stm32f4xx_gpio.o(i.GPIO_ToggleBits) for GPIO_ToggleBits
    exti.o(i.EXTI4_IRQHandler) refers to stm32f4xx_exti.o(i.EXTI_ClearITPendingBit) for EXTI_ClearITPendingBit
    exti.o(i.Exti_Init) refers to stm32f4xx_rcc.o(i.RCC_AHB1PeriphClockCmd) for RCC_AHB1PeriphClockCmd
    exti.o(i.Exti_Init) refers to stm32f4xx_rcc.o(i.RCC_APB2PeriphClockCmd) for RCC_APB2PeriphClockCmd
    exti.o(i.Exti_Init) refers to stm32f4xx_gpio.o(i.GPIO_Init) for GPIO_Init
    exti.o(i.Exti_Init) refers to stm32f4xx_syscfg.o(i.SYSCFG_EXTILineConfig) for SYSCFG_EXTILineConfig
    exti.o(i.Exti_Init) refers to stm32f4xx_exti.o(i.EXTI_Init) for EXTI_Init
[...]
    Removing stm32f4xx_usart.o(i.USART_IrDACmd), (24 bytes).
    Removing stm32f4xx_usart.o(i.USART_IrDAConfig), (18 bytes).
    Removing stm32f4xx_usart.o(i.USART_LINBreakDetectLengthConfig), (18 bytes).
    Removing stm32f4xx_usart.o(i.USART_LINCmd), (24 bytes).
    Removing stm32f4xx_usart.o(i.USART_OneBitMethodCmd), (24 bytes).
    Removing stm32f4xx_usart.o(i.USART_OverSampling8Cmd), (22 bytes).
    Removing stm32f4xx_usart.o(i.USART_ReceiverWakeUpCmd), (24 bytes).
    Removing stm32f4xx_usart.o(i.USART_SendBreak), (10 bytes).
    Removing stm32f4xx_usart.o(i.USART_SetAddress), (18 bytes).
    Removing stm32f4xx_usart.o(i.USART_SetGuardTime), (16 bytes).
    Removing stm32f4xx_usart.o(i.USART_SetPrescaler), (16 bytes).
    Removing stm32f4xx_usart.o(i.USART_SmartCardCmd), (24 bytes).
    Removing stm32f4xx_usart.o(i.USART_SmartCardNACKCmd), (24 bytes).
    Removing stm32f4xx_usart.o(i.USART_StructInit), (24 bytes).
    Removing stm32f4xx_usart.o(i.USART_WakeUpConfig), (18 bytes).
    Removing system_stm32f4xx.o(.rev16_text), (4 bytes).
    Removing system_stm32f4xx.o(.revsh_text), (4 bytes).
    Removing system_stm32f4xx.o(.rrx_text), (6 bytes).
    Removing system_stm32f4xx.o(i.SystemCoreClockUpdate), (192 bytes).
    Removing system_stm32f4xx.o(.data), (20 bytes).

406 unused section(s) (total 13774 bytes) removed from the image.

==============================================================================

Image Symbol Table

    Local Symbols

    Symbol Name                              Value     Ov Type        Size  Object(Section)

    ../clib/angel/boardlib.s                 0x00000000   Number         0  boardinit3.o ABSOLUTE
    ../clib/angel/boardlib.s                 0x00000000   Number         0  boardshut.o ABSOLUTE
    ../clib/angel/boardlib.s                 0x00000000   Number         0  boardinit1.o ABSOLUTE
    ../clib/angel/boardlib.s                 0x00000000   Number         0  boardinit2.o ABSOLUTE
    ../clib/angel/dczerorl2.s                0x00000000   Number         0  __dczerorl2.o ABSOLUTE
    ../clib/angel/handlers.s                 0x00000000   Number         0  __scatter_zi.o ABSOLUTE
    ../clib/angel/kernel.s                   0x00000000   Number         0  __rtentry4.o ABSOLUTE
    ../clib/angel/kernel.s                   0x00000000   Number         0  rtexit2.o ABSOLUTE
    ../clib/angel/kernel.s                   0x00000000   Number         0  rtexit.o ABSOLUTE
    ../clib/angel/kernel.s                   0x00000000   Number         0  __rtentry2.o ABSOLUTE
    ../clib/angel/kernel.s                   0x00000000   Number         0  __rtentry.o ABSOLUTE
    ../clib/angel/rt.s                       0x00000000   Number         0  rt_raise.o ABSOLUTE
    ../clib/angel/scatter.s                  0x00000000   Number         0  __scatter.o ABSOLUTE
    ../clib/angel/startup.s                  0x00000000   Number         0  __main.o ABSOLUTE
    ../clib/angel/sys.s                      0x00000000   Number         0  use_no_semi.o ABSOLUTE
    ../clib/angel/sys.s                      0x00000000   Number         0  libspace.o ABSOLUTE
    ../clib/angel/sys.s                      0x00000000   Number         0  sys_stackheap_outer.o ABSOLUTE
    ../clib/angel/sys.s                      0x00000000   Number         0  use_no_semi_2.o ABSOLUTE
    ../clib/angel/sys.s                      0x00000000   Number         0  indicate_semi.o ABSOLUTE
    ../clib/angel/sysapp.c                   0x00000000   Number         0  sys_command.o ABSOLUTE
    ../clib/angel/sysapp.c                   0x00000000   Number         0  sys_wrch.o ABSOLUTE
    ../clib/armsys.c                         0x00000000   Number         0  argv_veneer.o ABSOLUTE
    ../clib/armsys.c                         0x00000000   Number         0  argv_veneer.o ABSOLUTE
    ../clib/armsys.c                         0x00000000   Number         0  _get_argv_nomalloc.o ABSOLUTE
    ../clib/armsys.c                         0x00000000   Number         0  no_argv.o ABSOLUTE
    ../clib/heapalloc.c                      0x00000000   Number         0  hrguard.o ABSOLUTE
    ../clib/heapaux.c                        0x00000000   Number         0  heapauxi.o ABSOLUTE
    ../clib/libinit.s                        0x00000000   Number         0  libinit.o ABSOLUTE
    ../clib/libinit.s                        0x00000000   Number         0  libinit2.o ABSOLUTE
    ../clib/libinit.s                        0x00000000   Number         0  libshutdown.o ABSOLUTE
    ../clib/libinit.s                        0x00000000   Number         0  libshutdown2.o ABSOLUTE
    ../clib/memcpset.s                       0x00000000   Number         0  rt_memclr_w.o ABSOLUTE
    ../clib/memcpset.s                       0x00000000   Number         0  strcmpv7m.o ABSOLUTE
    ../clib/memcpset.s                       0x00000000   Number         0  rt_memclr.o ABSOLUTE
    ../clib/misc.s                           0x00000000   Number         0  printf_stubs.o ABSOLUTE
    ../clib/printf.c                         0x00000000   Number         0  _printf_str.o ABSOLUTE
    ../clib/printf.c                         0x00000000   Number         0  noretval__2printf.o ABSOLUTE
    ../clib/printf.c                         0x00000000   Number         0  __2printf.o ABSOLUTE
    ../clib/printf.c                         0x00000000   Number         0  _printf_intcommon.o ABSOLUTE
    ../clib/printf.c                         0x00000000   Number         0  _printf_hex_ll_ptr.o ABSOLUTE
    ../clib/printf.c                         0x00000000   Number         0  __printf_wp.o ABSOLUTE
    ../clib/printf.c                         0x00000000   Number         0  __printf_flags_ss.o ABSOLUTE
    ../clib/printf.c                         0x00000000   Number         0  __printf_ss.o ABSOLUTE
    ../clib/printf.c                         0x00000000   Number         0  _printf_char.o ABSOLUTE
    ../clib/printf.c                         0x00000000   Number         0  __printf.o ABSOLUTE
    ../clib/printf.c                         0x00000000   Number         0  _printf_char_file.o ABSOLUTE
    ../clib/printf.c                         0x00000000   Number         0  __printf_flags.o ABSOLUTE
    ../clib/printf.c                         0x00000000   Number         0  _printf_hex_int_ll_ptr.o ABSOLUTE
    ../clib/printf.c                         0x00000000   Number         0  _printf_hex_int_ptr.o ABSOLUTE
    ../clib/printf.c                         0x00000000   Number         0  _printf_char_common.o ABSOLUTE
    ../clib/printf.c                         0x00000000   Number         0  _printf_hex_ptr.o ABSOLUTE
    ../clib/printf.c                         0x00000000   Number         0  _printf_hex_int_ll.o ABSOLUTE
    ../clib/printf.c                         0x00000000   Number         0  __printf_flags_wp.o ABSOLUTE
    ../clib/printf.c                         0x00000000   Number         0  __printf_ss_wp.o ABSOLUTE
    ../clib/printf.c                         0x00000000   Number         0  _printf_hex_int.o ABSOLUTE
    ../clib/printf.c                         0x00000000   Number         0  _printf_hex_ll.o ABSOLUTE
    ../clib/printf.c                         0x00000000   Number         0  __printf_nopercent.o ABSOLUTE
    ../clib/printf.c                         0x00000000   Number         0  __printf_flags_ss_wp.o ABSOLUTE
    ../clib/printf_percent.s                 0x00000000   Number         0  _printf_percent.o ABSOLUTE
    ../clib/printf_percent.s                 0x00000000   Number         0  _printf_x.o ABSOLUTE
    ../clib/printf_percent.s                 0x00000000   Number         0  _printf_s.o ABSOLUTE
    ../clib/printf_percent.s                 0x00000000   Number         0  _printf_percent_end.o ABSOLUTE
    ../clib/signal.c                         0x00000000   Number         0  defsig_other.o ABSOLUTE
    ../clib/signal.c                         0x00000000   Number         0  defsig_pvfn_inner.o ABSOLUTE
    ../clib/signal.c                         0x00000000   Number         0  defsig_stak_inner.o ABSOLUTE
    ../clib/signal.c                         0x00000000   Number         0  defsig_rtred_inner.o ABSOLUTE
    ../clib/signal.c                         0x00000000   Number         0  defsig_fpe_inner.o ABSOLUTE
    ../clib/signal.c                         0x00000000   Number         0  defsig_abrt_inner.o ABSOLUTE
    ../clib/signal.c                         0x00000000   Number         0  defsig_rtmem_outer.o ABSOLUTE
    ../clib/signal.c                         0x00000000   Number         0  defsig_general.o ABSOLUTE
    ../clib/signal.c                         0x00000000   Number         0  defsig_cppl_inner.o ABSOLUTE
    ../clib/signal.c                         0x00000000   Number         0  defsig_rtmem_inner.o ABSOLUTE
    ../clib/signal.c                         0x00000000   Number         0  defsig_exit.o ABSOLUTE
    ../clib/signal.c                         0x00000000   Number         0  defsig_rtmem_formal.o ABSOLUTE
    ../clib/signal.c                         0x00000000   Number         0  defsig_segv_inner.o ABSOLUTE
    ../clib/signal.c                         0x00000000   Number         0  __raise.o ABSOLUTE
    ../clib/signal.s                         0x00000000   Number         0  defsig.o ABSOLUTE
    ../clib/stdio.c                          0x00000000   Number         0  ferror.o ABSOLUTE
    ../clib/stdio.c                          0x00000000   Number         0  ferror_locked.o ABSOLUTE
    ../clib/stdlib.c                         0x00000000   Number         0  exit.o ABSOLUTE
    ../fplib/fpinit.s                        0x00000000   Number         0  fpinit.o ABSOLUTE
    F:\\keilv5\\ARM\\PACK\\Keil\\STM32F4xx_DFP\\1.0.8\\Device\\StdPeriph_Driver\\src\\misc.c 0x00000000   Number         0  misc.o ABSOLUTE
    F:\\keilv5\\ARM\\PACK\\Keil\\STM32F4xx_DFP\\1.0.8\\Device\\StdPeriph_Driver\\src\\stm32f4xx_adc.c 0x00000000   Number         0  stm32f4xx_adc.o ABSOLUTE
    F:\\keilv5\\ARM\\PACK\\Keil\\STM32F4xx_DFP\\1.0.8\\Device\\StdPeriph_Driver\\src\\stm32f4xx_exti.c 0x00000000   Number         0  stm32f4xx_exti.o ABSOLUTE
    F:\\keilv5\\ARM\\PACK\\Keil\\STM32F4xx_DFP\\1.0.8\\Device\\StdPeriph_Driver\\src\\stm32f4xx_gpio.c 0x00000000   Number         0  stm32f4xx_gpio.o ABSOLUTE
    F:\\keilv5\\ARM\\PACK\\Keil\\STM32F4xx_DFP\\1.0.8\\Device\\StdPeriph_Driver\\src\\stm32f4xx_iwdg.c 0x00000000   Number         0  stm32f4xx_iwdg.o ABSOLUTE
    F:\\keilv5\\ARM\\PACK\\Keil\\STM32F4xx_DFP\\1.0.8\\Device\\StdPeriph_Driver\\src\\stm32f4xx_pwr.c 0x00000000   Number         0  stm32f4xx_pwr.o ABSOLUTE
    F:\\keilv5\\ARM\\PACK\\Keil\\STM32F4xx_DFP\\1.0.8\\Device\\StdPeriph_Driver\\src\\stm32f4xx_rcc.c 0x00000000   Number         0  stm32f4xx_rcc.o ABSOLUTE
    F:\\keilv5\\ARM\\PACK\\Keil\\STM32F4xx_DFP\\1.0.8\\Device\\StdPeriph_Driver\\src\\stm32f4xx_rtc.c 0x00000000   Number         0  stm32f4xx_rtc.o ABSOLUTE
    F:\\keilv5\\ARM\\PACK\\Keil\\STM32F4xx_DFP\\1.0.8\\Device\\StdPeriph_Driver\\src\\stm32f4xx_syscfg.c 0x00000000   Number         0  stm32f4xx_syscfg.o ABSOLUTE
    F:\\keilv5\\ARM\\PACK\\Keil\\STM32F4xx_DFP\\1.0.8\\Device\\StdPeriph_Driver\\src\\stm32f4xx_tim.c 0x00000000   Number         0  stm32f4xx_tim.o ABSOLUTE
    F:\\keilv5\\ARM\\PACK\\Keil\\STM32F4xx_DFP\\1.0.8\\Device\\StdPeriph_Driver\\src\\stm32f4xx_usart.c 0x00000000   Number         0  stm32f4xx_usart.o ABSOLUTE
    F:\keilv5\ARM\PACK\Keil\STM32F4xx_DFP\1.0.8\Device\StdPeriph_Driver\src\misc.c 0x00000000   Number         0  misc.o ABSOLUTE
    F:\keilv5\ARM\PACK\Keil\STM32F4xx_DFP\1.0.8\Device\StdPeriph_Driver\src\stm32f4xx_adc.c 0x00000000   Number         0  stm32f4xx_adc.o ABSOLUTE
    F:\keilv5\ARM\PACK\Keil\STM32F4xx_DFP\1.0.8\Device\StdPeriph_Driver\src\stm32f4xx_exti.c 0x00000000   Number         0  stm32f4xx_exti.o ABSOLUTE
    F:\keilv5\ARM\PACK\Keil\STM32F4xx_DFP\1.0.8\Device\StdPeriph_Driver\src\stm32f4xx_gpio.c 0x00000000   Number         0  stm32f4xx_gpio.o ABSOLUTE
    F:\keilv5\ARM\PACK\Keil\STM32F4xx_DFP\1.0.8\Device\StdPeriph_Driver\src\stm32f4xx_iwdg.c 0x00000000   Number         0  stm32f4xx_iwdg.o ABSOLUTE
    F:\keilv5\ARM\PACK\Keil\STM32F4xx_DFP\1.0.8\Device\StdPeriph_Driver\src\stm32f4xx_pwr.c 0x00000000   Number         0  stm32f4xx_pwr.o ABSOLUTE
    F:\keilv5\ARM\PACK\Keil\STM32F4xx_DFP\1.0.8\Device\StdPeriph_Driver\src\stm32f4xx_rcc.c 0x00000000   Number         0  stm32f4xx_rcc.o ABSOLUTE
    F:\keilv5\ARM\PACK\Keil\STM32F4xx_DFP\1.0.8\Device\StdPeriph_Driver\src\stm32f4xx_rtc.c 0x00000000   Number         0  stm32f4xx_rtc.o ABSOLUTE
    F:\keilv5\ARM\PACK\Keil\STM32F4xx_DFP\1.0.8\Device\StdPeriph_Driver\src\stm32f4xx_syscfg.c 0x00000000   Number         0  stm32f4xx_syscfg.o ABSOLUTE
    F:\keilv5\ARM\PACK\Keil\STM32F4xx_DFP\1.0.8\Device\StdPeriph_Driver\src\stm32f4xx_tim.c 0x00000000   Number         0  stm32f4xx_tim.o ABSOLUTE
    F:\keilv5\ARM\PACK\Keil\STM32F4xx_DFP\1.0.8\Device\StdPeriph_Driver\src\stm32f4xx_usart.c 0x00000000   Number         0  stm32f4xx_usart.o ABSOLUTE
    MYOCDE\OLED_I2C.c                        0x00000000   Number         0  oled_i2c.o ABSOLUTE
    MYOCDE\\OLED_I2C.c                       0x00000000   Number         0  oled_i2c.o ABSOLUTE
    MYOCDE\\adc.c                            0x00000000   Number         0  adc.o ABSOLUTE
    MYOCDE\\beep.c                           0x00000000   Number         0  beep.o ABSOLUTE
    MYOCDE\\control.c                        0x00000000   Number         0  control.o ABSOLUTE
    MYOCDE\\delay.c                          0x00000000   Number         0  delay.o ABSOLUTE
    MYOCDE\\exti.c                           0x00000000   Number         0  exti.o ABSOLUTE
    MYOCDE\\iic.c                            0x00000000   Number         0  iic.o ABSOLUTE
    MYOCDE\\infrared.c                       0x00000000   Number         0  infrared.o ABSOLUTE
    MYOCDE\\iwdg.c                           0x00000000   Number         0  iwdg.o ABSOLUTE
    MYOCDE\\key.c                            0x00000000   Number         0  key.o ABSOLUTE
    MYOCDE\\led.c                            0x00000000   Number         0  led.o ABSOLUTE
    MYOCDE\\light_sensor.c                   0x00000000   Number         0  light_sensor.o ABSOLUTE
    MYOCDE\\main.c                           0x00000000   Number         0  main.o ABSOLUTE
    MYOCDE\\pwm.c                            0x00000000   Number         0  pwm.o ABSOLUTE
    MYOCDE\\rtc.c                            0x00000000   Number         0  rtc.o ABSOLUTE
    MYOCDE\\sr04.c                           0x00000000   Number         0  sr04.o ABSOLUTE
    MYOCDE\\time.c                           0x00000000   Number         0  time.o ABSOLUTE
    MYOCDE\\usart.c                          0x00000000   Number         0  usart.o ABSOLUTE
    MYOCDE\adc.c                             0x00000000   Number         0  adc.o ABSOLUTE
    MYOCDE\beep.c                            0x00000000   Number         0  beep.o ABSOLUTE
    MYOCDE\control.c                         0x00000000   Number         0  control.o ABSOLUTE
    MYOCDE\delay.c                           0x00000000   Number         0  delay.o ABSOLUTE
    MYOCDE\exti.c                            0x00000000   Number         0  exti.o ABSOLUTE
    MYOCDE\iic.c                             0x00000000   Number         0  iic.o ABSOLUTE
    MYOCDE\infrared.c                        0x00000000   Number         0  infrared.o ABSOLUTE
    MYOCDE\iwdg.c                            0x00000000   Number         0  iwdg.o ABSOLUTE
    MYOCDE\key.c                             0x00000000   Number         0  key.o ABSOLUTE
    MYOCDE\led.c                             0x00000000   Number         0  led.o ABSOLUTE
    MYOCDE\light_sensor.c                    0x00000000   Number         0  light_sensor.o ABSOLUTE
    MYOCDE\main.c                            0x00000000   Number         0  main.o ABSOLUTE
    MYOCDE\pwm.c                             0x00000000   Number         0  pwm.o ABSOLUTE
    MYOCDE\rtc.c                             0x00000000   Number         0  rtc.o ABSOLUTE
    MYOCDE\sr04.c                            0x00000000   Number         0  sr04.o ABSOLUTE
    MYOCDE\time.c                            0x00000000   Number         0  time.o ABSOLUTE
    MYOCDE\usart.c                           0x00000000   Number         0  usart.o ABSOLUTE
    RTE\Device\STM32F407ZE\startup_stm32f40_41xxx.s 0x00000000   Number         0  startup_stm32f40_41xxx.o ABSOLUTE
    RTE\Device\STM32F407ZE\system_stm32f4xx.c 0x00000000   Number         0  system_stm32f4xx.o ABSOLUTE
    RTE\\Device\\STM32F407ZE\\system_stm32f4xx.c 0x00000000   Number         0  system_stm32f4xx.o ABSOLUTE
    dc.s                                     0x00000000   Number         0  dc.o ABSOLUTE
    RESET                                    0x08000000   Section      392  startup_stm32f40_41xxx.o(RESET)
    !!!main                                  0x08000188   Section        8  __main.o(!!!main)
    !!!scatter                               0x08000190   Section       52  __scatter.o(!!!scatter)
    !!dczerorl2                              0x080001c4   Section       90  __dczerorl2.o(!!dczerorl2)
    !!handler_zi                             0x08000220   Section       28  __scatter_zi.o(!!handler_zi)
    .ARM.Collect$$_printf_percent$$00000000  0x0800023c   Section        0  _printf_percent.o(.ARM.Collect$$_printf_percent$$00000000)
    .ARM.Collect$$_printf_percent$$0000000C  0x0800023c   Section        6  _printf_x.o(.ARM.Collect$$_printf_percent$$0000000C)
    .ARM.Collect$$_printf_percent$$00000014  0x08000242   Section        6  _printf_s.o(.ARM.Collect$$_printf_percent$$00000014)
    .ARM.Collect$$_printf_percent$$00000017  0x08000248   Section        4  _printf_percent_end.o(.ARM.Collect$$_printf_percent$$00000017)
    .ARM.Collect$$libinit$$00000000          0x0800024c   Section        2  libinit.o(.ARM.Collect$$libinit$$00000000)
    .ARM.Collect$$libinit$$00000001          0x0800024e   Section        4  libinit2.o(.ARM.Collect$$libinit$$00000001)
    .ARM.Collect$$libinit$$00000004          0x08000252   Section        0  libinit2.o(.ARM.Collect$$libinit$$00000004)
    .ARM.Collect$$libinit$$0000000A          0x08000252   Section        0  libinit2.o(.ARM.Collect$$libinit$$0000000A)
    .ARM.Collect$$libinit$$0000000C          0x08000252   Section        0  libinit2.o(.ARM.Collect$$libinit$$0000000C)
    .ARM.Collect$$libinit$$0000000E          0x08000252   Section        0  libinit2.o(.ARM.Collect$$libinit$$0000000E)
    .ARM.Collect$$libinit$$00000011          0x08000252   Section        0  libinit2.o(.ARM.Collect$$libinit$$00000011)
    .ARM.Collect$$libinit$$00000013          0x08000252   Section        0  libinit2.o(.ARM.Collect$$libinit$$00000013)
    .ARM.Collect$$libinit$$00000015          0x08000252   Section        0  libinit2.o(.ARM.Collect$$libinit$$00000015)
    .ARM.Collect$$libinit$$00000017          0x08000252   Section        0  libinit2.o(.ARM.Collect$$libinit$$00000017)
    .ARM.Collect$$libinit$$00000019          0x08000252   Section        0  libinit2.o(.ARM.Collect$$libinit$$00000019)
    .ARM.Collect$$libinit$$0000001B          0x08000252   Section        0  libinit2.o(.ARM.Collect$$libinit$$0000001B)
    .ARM.Collect$$libinit$$0000001D          0x08000252   Section        0  libinit2.o(.ARM.Collect$$libinit$$0000001D)
    .ARM.Collect$$libinit$$0000001F          0x08000252   Section        0  libinit2.o(.ARM.Collect$$libinit$$0000001F)
    .ARM.Collect$$libinit$$00000021          0x08000252   Section        0  libinit2.o(.ARM.Collect$$libinit$$00000021)
    .ARM.Collect$$libinit$$00000023          0x08000252   Section        0  libinit2.o(.ARM.Collect$$libinit$$00000023)
    .ARM.Collect$$libinit$$00000025          0x08000252   Section        0  libinit2.o(.ARM.Collect$$libinit$$00000025)
    .ARM.Collect$$libinit$$0000002C          0x08000252   Section        0  libinit2.o(.ARM.Collect$$libinit$$0000002C)
    .ARM.Collect$$libinit$$0000002E          0x08000252   Section        0  libinit2.o(.ARM.Collect$$libinit$$0000002E)
    .ARM.Collect$$libinit$$00000030          0x08000252   Section        0  libinit2.o(.ARM.Collect$$libinit$$00000030)
    .ARM.Collect$$libinit$$00000032          0x08000252   Section        0  libinit2.o(.ARM.Collect$$libinit$$00000032)
    .ARM.Collect$$libinit$$00000033          0x08000252   Section        2  libinit2.o(.ARM.Collect$$libinit$$00000033)
    .ARM.Collect$$libshutdown$$00000000      0x08000254   Section        2  libshutdown.o(.ARM.Collect$$libshutdown$$00000000)
    .ARM.Collect$$libshutdown$$00000003      0x08000256   Section        0  libshutdown2.o(.ARM.Collect$$libshutdown$$00000003)
    .ARM.Collect$$libshutdown$$00000006      0x08000256   Section        0  libshutdown2.o(.ARM.Collect$$libshutdown$$00000006)
    .ARM.Collect$$libshutdown$$00000009      0x08000256   Section        0  libshutdown2.o(.ARM.Collect$$libshutdown$$00000009)
    .ARM.Collect$$libshutdown$$0000000B      0x08000256   Section        0  libshutdown2.o(.ARM.Collect$$libshutdown$$0000000B)
    .ARM.Collect$$libshutdown$$0000000E      0x08000256   Section        0  libshutdown2.o(.ARM.Collect$$libshutdown$$0000000E)
    .ARM.Collect$$libshutdown$$0000000F      0x08000256   Section        2  libshutdown2.o(.ARM.Collect$$libshutdown$$0000000F)
    .ARM.Collect$$rtentry$$00000000          0x08000258   Section        0  __rtentry.o(.ARM.Collect$$rtentry$$00000000)
    .ARM.Collect$$rtentry$$00000002          0x08000258   Section        0  __rtentry2.o(.ARM.Collect$$rtentry$$00000002)
    .ARM.Collect$$rtentry$$00000004          0x08000258   Section        6  __rtentry4.o(.ARM.Collect$$rtentry$$00000004)
    .ARM.Collect$$rtentry$$00000009          0x0800025e   Section        0  __rtentry2.o(.ARM.Collect$$rtentry$$00000009)
    .ARM.Collect$$rtentry$$0000000A          0x0800025e   Section        4  __rtentry2.o(.ARM.Collect$$rtentry$$0000000A)
    .ARM.Collect$$rtentry$$0000000C          0x08000262   Section        0  __rtentry2.o(.ARM.Collect$$rtentry$$0000000C)
    .ARM.Collect$$rtentry$$0000000D          0x08000262   Section        8  __rtentry2.o(.ARM.Collect$$rtentry$$0000000D)
    .ARM.Collect$$rtexit$$00000000           0x0800026a   Section        2  rtexit.o(.ARM.Collect$$rtexit$$00000000)
    .ARM.Collect$$rtexit$$00000002           0x0800026c   Section        0  rtexit2.o(.ARM.Collect$$rtexit$$00000002)
    .ARM.Collect$$rtexit$$00000003           0x0800026c   Section        4  rtexit2.o(.ARM.Collect$$rtexit$$00000003)
    .ARM.Collect$$rtexit$$00000004           0x08000270   Section        6  rtexit2.o(.ARM.Collect$$rtexit$$00000004)
    .text                                    0x08000278   Section       64  startup_stm32f40_41xxx.o(.text)
    $v0                                      0x08000278   Number         0  startup_stm32f40_41xxx.o(.text)
    .text                                    0x080002b8   Section        2  use_no_semi_2.o(.text)
    .text                                    0x080002bc   Section        0  noretval__2printf.o(.text)
    .text                                    0x080002d4   Section        0  _printf_str.o(.text)
    .text                                    0x08000328   Section        0  _printf_hex_int.o(.text)
    .text                                    0x08000380   Section        0  __printf_flags.o(.text)
    .text                                    0x08000414   Section       68  rt_memclr.o(.text)
    .text                                    0x08000458   Section      128  strcmpv7m.o(.text)
    .text                                    0x080004d8   Section        0  heapauxi.o(.text)
    .text                                    0x080004de   Section        2  use_no_semi.o(.text)
    .text                                    0x080004e0   Section        0  _printf_intcommon.o(.text)
    .text                                    0x08000592   Section        0  _printf_char.o(.text)
    .text                                    0x080005c0   Section        0  _printf_char_file.o(.text)
    .text                                    0x080005e4   Section       78  rt_memclr_w.o(.text)
    .text                                    0x08000634   Section        0  _printf_char_common.o(.text)
    _printf_input_char                       0x08000635   Thumb Code    10  _printf_char_common.o(.text)
    .text                                    0x08000664   Section        0  ferror.o(.text)
    .text                                    0x0800066c   Section       74  sys_stackheap_outer.o(.text)
    .text                                    0x080006b6   Section        0  exit.o(.text)
    .text                                    0x080006c4   Section        8  libspace.o(.text)
    i.Car_backward                           0x080006cc   Section        0  control.o(i.Car_backward)
    i.Car_forward                            0x0800080c   Section        0  control.o(i.Car_forward)
    i.Car_obstacle                           0x08000948   Section        0  control.o(i.Car_obstacle)
    i.Car_speeddown                          0x080009a4   Section        0  control.o(i.Car_speeddown)
    i.Car_speedup                            0x08000a8c   Section        0  control.o(i.Car_speedup)
    i.Car_stop                               0x08000b74   Section        0  control.o(i.Car_stop)
    i.Car_turnleft                           0x08000bec   Section        0  control.o(i.Car_turnleft)
    i.Car_turnright                          0x08000d84   Section        0  control.o(i.Car_turnright)
    i.Delay_Init                             0x08000f1c   Section        0  delay.o(i.Delay_Init)
    i.EXTI0_IRQHandler                       0x08000f28   Section        0  exti.o(i.EXTI0_IRQHandler)
    i.EXTI2_IRQHandler                       0x08000f48   Section        0  exti.o(i.EXTI2_IRQHandler)
    i.EXTI3_IRQHandler                       0x08000f68   Section        0  exti.o(i.EXTI3_IRQHandler)
    i.EXTI4_IRQHandler                       0x08000f88   Section        0  exti.o(i.EXTI4_IRQHandler)
    i.EXTI9_5_IRQHandler                     0x08000fa8   Section        0  infrared.o(i.EXTI9_5_IRQHandler)
    i.EXTI_ClearITPendingBit                 0x08001044   Section        0  stm32f4xx_exti.o(i.EXTI_ClearITPendingBit)
    i.EXTI_GetITStatus                       0x08001050   Section        0  stm32f4xx_exti.o(i.EXTI_GetITStatus)
    i.GPIO_Init                              0x08001068   Section        0  stm32f4xx_gpio.o(i.GPIO_Init)
    i.GPIO_PinAFConfig                       0x080010f8   Section        0  stm32f4xx_gpio.o(i.GPIO_PinAFConfig)
    i.GPIO_ResetBits                         0x0800113e   Section        0  stm32f4xx_gpio.o(i.GPIO_ResetBits)
    i.GPIO_SetBits                           0x08001142   Section        0  stm32f4xx_gpio.o(i.GPIO_SetBits)
    i.GPIO_ToggleBits                        0x08001146   Section        0  stm32f4xx_gpio.o(i.GPIO_ToggleBits)
    i.Get_Sr04_Distance                      0x08001150   Section        0  sr04.o(i.Get_Sr04_Distance)
    i.I2C_Configuration                      0x080011c0   Section        0  oled_i2c.o(i.I2C_Configuration)
    i.I2C_WriteByte                          0x08001254   Section        0  oled_i2c.o(i.I2C_WriteByte)
    i.Led_Init                               0x080012c0   Section        0  led.o(i.Led_Init)
    i.NVIC_Init                              0x08001350   Section        0  misc.o(i.NVIC_Init)
    i.NVIC_PriorityGroupConfig               0x080013c8   Section        0  misc.o(i.NVIC_PriorityGroupConfig)
    i.OLED_Fill                              0x080013dc   Section        0  oled_i2c.o(i.OLED_Fill)
    i.OLED_Iic_Mode                          0x08001418   Section        0  oled_i2c.o(i.OLED_Iic_Mode)
    i.OLED_Iic_Recv_Ack                      0x08001448   Section        0  oled_i2c.o(i.OLED_Iic_Recv_Ack)
    i.OLED_Iic_Send_Byte                     0x0800148c   Section        0  oled_i2c.o(i.OLED_Iic_Send_Byte)
    i.OLED_Iic_Start                         0x080014ec   Section        0  oled_i2c.o(i.OLED_Iic_Start)
    i.OLED_Iic_Stop                          0x08001528   Section        0  oled_i2c.o(i.OLED_Iic_Stop)
    i.OLED_Init                              0x08001560   Section        0  oled_i2c.o(i.OLED_Init)
    i.OLED_SetPos                            0x08001612   Section        0  oled_i2c.o(i.OLED_SetPos)
    i.OLED_ShowCN                            0x0800163c   Section        0  oled_i2c.o(i.OLED_ShowCN)
    i.OLED_ShowStr                           0x08001690   Section        0  oled_i2c.o(i.OLED_ShowStr)
    i.Pwm_Init                               0x0800177c   Section        0  pwm.o(i.Pwm_Init)
    i.RCC_AHB1PeriphClockCmd                 0x080018c4   Section        0  stm32f4xx_rcc.o(i.RCC_AHB1PeriphClockCmd)
    i.RCC_APB1PeriphClockCmd                 0x080018e4   Section        0  stm32f4xx_rcc.o(i.RCC_APB1PeriphClockCmd)
    i.RCC_APB2PeriphClockCmd                 0x08001904   Section        0  stm32f4xx_rcc.o(i.RCC_APB2PeriphClockCmd)
    i.RCC_GetClocksFreq                      0x08001924   Section        0  stm32f4xx_rcc.o(i.RCC_GetClocksFreq)
    i.SetSysClock                            0x08001a0c   Section        0  system_stm32f4xx.o(i.SetSysClock)
    SetSysClock                              0x08001a0d   Thumb Code   220  system_stm32f4xx.o(i.SetSysClock)
    i.Sr04_Init                              0x08001af8   Section        0  sr04.o(i.Sr04_Init)
    i.SysTick_CLKSourceConfig                0x08001b7c   Section        0  misc.o(i.SysTick_CLKSourceConfig)
    i.SystemInit                             0x08001ba4   Section        0  system_stm32f4xx.o(i.SystemInit)
    i.TIM1_UP_TIM10_IRQHandler               0x08001c0c   Section        0  time.o(i.TIM1_UP_TIM10_IRQHandler)
    i.TIM2_IRQHandler                        0x08001c34   Section        0  time.o(i.TIM2_IRQHandler)
    i.TIM3_IRQHandler                        0x08001c58   Section        0  time.o(i.TIM3_IRQHandler)
    i.TIM4_IRQHandler                        0x08001c80   Section        0  time.o(i.TIM4_IRQHandler)
    i.TIM_ARRPreloadConfig                   0x08001cd4   Section        0  stm32f4xx_tim.o(i.TIM_ARRPreloadConfig)
    i.TIM_ClearITPendingBit                  0x08001cec   Section        0  stm32f4xx_tim.o(i.TIM_ClearITPendingBit)
    i.TIM_Cmd                                0x08001cf2   Section        0  stm32f4xx_tim.o(i.TIM_Cmd)
    i.TIM_GetITStatus                        0x08001d0a   Section        0  stm32f4xx_tim.o(i.TIM_GetITStatus)
    i.TIM_OC1Init                            0x08001d2c   Section        0  stm32f4xx_tim.o(i.TIM_OC1Init)
    i.TIM_OC1PreloadConfig                   0x08001da8   Section        0  stm32f4xx_tim.o(i.TIM_OC1PreloadConfig)
    i.TIM_OC2Init                            0x08001dbc   Section        0  stm32f4xx_tim.o(i.TIM_OC2Init)
    i.TIM_OC2PreloadConfig                   0x08001e60   Section        0  stm32f4xx_tim.o(i.TIM_OC2PreloadConfig)
    i.TIM_OC3Init                            0x08001e7c   Section        0  stm32f4xx_tim.o(i.TIM_OC3Init)
    i.TIM_OC3PreloadConfig                   0x08001f1c   Section        0  stm32f4xx_tim.o(i.TIM_OC3PreloadConfig)
    i.TIM_OC4Init                            0x08001f30   Section        0  stm32f4xx_tim.o(i.TIM_OC4Init)
    i.TIM_OC4PreloadConfig                   0x08001fa8   Section        0  stm32f4xx_tim.o(i.TIM_OC4PreloadConfig)
    i.TIM_SetCompare1                        0x08001fc2   Section        0  stm32f4xx_tim.o(i.TIM_SetCompare1)
    i.TIM_SetCompare2                        0x08001fc6   Section        0  stm32f4xx_tim.o(i.TIM_SetCompare2)
    i.TIM_SetCompare3                        0x08001fca   Section        0  stm32f4xx_tim.o(i.TIM_SetCompare3)
    i.TIM_SetCompare4                        0x08001fce   Section        0  stm32f4xx_tim.o(i.TIM_SetCompare4)
    i.TIM_TimeBaseInit                       0x08001fd4   Section        0  stm32f4xx_tim.o(i.TIM_TimeBaseInit)
    i.USART1_IRQHandler                      0x08002058   Section        0  main.o(i.USART1_IRQHandler)
    i.USART_ClearITPendingBit                0x080020f8   Section        0  stm32f4xx_usart.o(i.USART_ClearITPendingBit)
    i.USART_Cmd                              0x08002116   Section        0  stm32f4xx_usart.o(i.USART_Cmd)
    i.USART_GetFlagStatus                    0x0800212e   Section        0  stm32f4xx_usart.o(i.USART_GetFlagStatus)
    i.USART_GetITStatus                      0x08002148   Section        0  stm32f4xx_usart.o(i.USART_GetITStatus)
    i.USART_ITConfig                         0x0800219c   Section        0  stm32f4xx_usart.o(i.USART_ITConfig)
    i.USART_Init                             0x080021e8   Section        0  stm32f4xx_usart.o(i.USART_Init)
    i.USART_ReceiveData                      0x080022bc   Section        0  stm32f4xx_usart.o(i.USART_ReceiveData)
    i.USART_SendData                         0x080022c6   Section        0  stm32f4xx_usart.o(i.USART_SendData)
    i.Usart1_Init                            0x080022d0   Section        0  usart.o(i.Usart1_Init)
    i.WriteCmd                               0x08002380   Section        0  oled_i2c.o(i.WriteCmd)
    i.WriteDat                               0x0800238e   Section        0  oled_i2c.o(i.WriteDat)
    i._sys_exit                              0x0800239c   Section        0  usart.o(i._sys_exit)
    i.delay_ms                               0x080023a4   Section        0  delay.o(i.delay_ms)
    i.delay_s                                0x080023f0   Section        0  delay.o(i.delay_s)
    i.delay_us                               0x08002410   Section        0  delay.o(i.delay_us)
    i.fputc                                  0x0800245c   Section        0  usart.o(i.fputc)
    i.ir_pluse_high_time                     0x08002480   Section        0  infrared.o(i.ir_pluse_high_time)
    i.main                                   0x080024a8   Section        0  main.o(i.main)
    x$fpl$fpinit                             0x08002608   Section       10  fpinit.o(x$fpl$fpinit)
    $v0                                      0x08002608   Number         0  fpinit.o(x$fpl$fpinit)
    .constdata                               0x08002612   Section     2072  oled_i2c.o(.constdata)
    .constdata                               0x08002e2a   Section       40  _printf_hex_int.o(.constdata)
    uc_hextab                                0x08002e2a   Data          20  _printf_hex_int.o(.constdata)
    lc_hextab                                0x08002e3e   Data          20  _printf_hex_int.o(.constdata)
    .constdata                               0x08002e52   Section       17  __printf_flags.o(.constdata)
    maptable                                 0x08002e52   Data          17  __printf_flags.o(.constdata)
    .data                                    0x20000000   Section        3  main.o(.data)
    .data                                    0x20000004   Section        8  delay.o(.data)
    .data                                    0x2000000c   Section        4  time.o(.data)
    .data                                    0x20000010   Section        4  usart.o(.data)
    .data                                    0x20000014   Section     1248  oled_i2c.o(.data)
    .data                                    0x200004f4   Section        8  control.o(.data)
    .data                                    0x200004fc   Section       16  stm32f4xx_rcc.o(.data)
    APBAHBPrescTable                         0x200004fc   Data          16  stm32f4xx_rcc.o(.data)
    .bss                                     0x2000050c   Section      128  main.o(.bss)
    .bss                                     0x2000058c   Section       96  libspace.o(.bss)
    HEAP                                     0x200005f0   Section      512  startup_stm32f40_41xxx.o(HEAP)
    Heap_Mem                                 0x200005f0   Data         512  startup_stm32f40_41xxx.o(HEAP)
    STACK                                    0x200007f0   Section     1024  startup_stm32f40_41xxx.o(STACK)
    Stack_Mem                                0x200007f0   Data        1024  startup_stm32f40_41xxx.o(STACK)
    __initial_sp                             0x20000bf0   Data           0  startup_stm32f40_41xxx.o(STACK)

    Global Symbols

    Symbol Name                              Value     Ov Type        Size  Object(Section)

    BuildAttributes$$THM_ISAv4$E$P$D$K$B$S$7EM$VFPi3$EXTD16$VFPS$VFMA$PE$A:L22UL41UL21$X:L11$S22US41US21$IEEE1$IW$USESV6$~STKCKD$USESV7$~SHL$OSPACE$ROPI$EBA8$UX$STANDARDLIB$REQ8$PRES8$EABIv2 0x00000000   Number         0  anon$$obj.o ABSOLUTE
    __ARM_use_no_argv                        0x00000000   Number         0  main.o ABSOLUTE
    _printf_flags                            0x00000000   Number         0  printf_stubs.o ABSOLUTE
    _printf_return_value                     0x00000000   Number         0  printf_stubs.o ABSOLUTE
    _printf_sizespec                         0x00000000   Number         0  printf_stubs.o ABSOLUTE
    _printf_widthprec                        0x00000000   Number         0  printf_stubs.o ABSOLUTE
    __ARM_exceptions_init                     - Undefined Weak Reference
    __alloca_initialize                       - Undefined Weak Reference
    __arm_preinit_                            - Undefined Weak Reference
    __cpp_initialize__aeabi_                  - Undefined Weak Reference
    __cxa_finalize                            - Undefined Weak Reference
    __rt_locale                               - Undefined Weak Reference
    __sigvec_lookup                           - Undefined Weak Reference
    _atexit_init                              - Undefined Weak Reference
    _call_atexit_fns                          - Undefined Weak Reference
    _clock_init                               - Undefined Weak Reference
    _fp_trap_init                             - Undefined Weak Reference
    _fp_trap_shutdown                         - Undefined Weak Reference
    _get_lc_collate                           - Undefined Weak Reference
    _get_lc_ctype                             - Undefined Weak Reference
    _get_lc_monetary                          - Undefined Weak Reference
    _get_lc_numeric                           - Undefined Weak Reference
    _get_lc_time                              - Undefined Weak Reference
    _getenv_init                              - Undefined Weak Reference
    _handle_redirection                       - Undefined Weak Reference
    _init_alloc                               - Undefined Weak Reference
    _init_user_alloc                          - Undefined Weak Reference
    _initio                                   - Undefined Weak Reference
    _mutex_acquire                            - Undefined Weak Reference
    _mutex_release                            - Undefined Weak Reference
    _printf_mbtowc                            - Undefined Weak Reference
    _printf_post_padding                      - Undefined Weak Reference
    _printf_pre_padding                       - Undefined Weak Reference
    _printf_truncate_unsigned                 - Undefined Weak Reference
    _rand_init                                - Undefined Weak Reference
    _signal_finish                            - Undefined Weak Reference
    _signal_init                              - Undefined Weak Reference
    _terminate_alloc                          - Undefined Weak Reference
    _terminate_user_alloc                     - Undefined Weak Reference
    _terminateio                              - Undefined Weak Reference
    __Vectors_Size                           0x00000188   Number         0  startup_stm32f40_41xxx.o ABSOLUTE
    __Vectors                                0x08000000   Data           4  startup_stm32f40_41xxx.o(RESET)
    __Vectors_End                            0x08000188   Data           0  startup_stm32f40_41xxx.o(RESET)
    __main                                   0x08000189   Thumb Code     8  __main.o(!!!main)
    __scatterload                            0x08000191   Thumb Code     0  __scatter.o(!!!scatter)
    __scatterload_rt2                        0x08000191   Thumb Code    44  __scatter.o(!!!scatter)
    __scatterload_rt2_thumb_only             0x08000191   Thumb Code     0  __scatter.o(!!!scatter)
    __scatterload_null                       0x0800019f   Thumb Code     0  __scatter.o(!!!scatter)
    __decompress                             0x080001c5   Thumb Code    90  __dczerorl2.o(!!dczerorl2)
    __decompress1                            0x080001c5   Thumb Code     0  __dczerorl2.o(!!dczerorl2)
    __scatterload_zeroinit                   0x08000221   Thumb Code    28  __scatter_zi.o(!!handler_zi)
    _printf_percent                          0x0800023d   Thumb Code     0  _printf_percent.o(.ARM.Collect$$_printf_percent$$00000000)
    _printf_x                                0x0800023d   Thumb Code     0  _printf_x.o(.ARM.Collect$$_printf_percent$$0000000C)
    _printf_s                                0x08000243   Thumb Code     0  _printf_s.o(.ARM.Collect$$_printf_percent$$00000014)
    _printf_percent_end                      0x08000249   Thumb Code     0  _printf_percent_end.o(.ARM.Collect$$_printf_percent$$00000017)
    __rt_lib_init                            0x0800024d   Thumb Code     0  libinit.o(.ARM.Collect$$libinit$$00000000)
    __rt_lib_init_fp_1                       0x0800024f   Thumb Code     0  libinit2.o(.ARM.Collect$$libinit$$00000001)
    __rt_lib_init_alloca_1                   0x08000253   Thumb Code     0  libinit2.o(.ARM.Collect$$libinit$$0000002E)
    __rt_lib_init_argv_1                     0x08000253   Thumb Code     0  libinit2.o(.ARM.Collect$$libinit$$0000002C)
    __rt_lib_init_atexit_1                   0x08000253   Thumb Code     0  libinit2.o(.ARM.Collect$$libinit$$0000001B)
    __rt_lib_init_clock_1                    0x08000253   Thumb Code     0  libinit2.o(.ARM.Collect$$libinit$$00000021)
    __rt_lib_init_cpp_1                      0x08000253   Thumb Code     0  libinit2.o(.ARM.Collect$$libinit$$00000032)
    __rt_lib_init_exceptions_1               0x08000253   Thumb Code     0  libinit2.o(.ARM.Collect$$libinit$$00000030)
    __rt_lib_init_fp_trap_1                  0x08000253   Thumb Code     0  libinit2.o(.ARM.Collect$$libinit$$0000001F)
    __rt_lib_init_getenv_1                   0x08000253   Thumb Code     0  libinit2.o(.ARM.Collect$$libinit$$00000023)
    __rt_lib_init_heap_1                     0x08000253   Thumb Code     0  libinit2.o(.ARM.Collect$$libinit$$0000000A)
    __rt_lib_init_lc_collate_1               0x08000253   Thumb Code     0  libinit2.o(.ARM.Collect$$libinit$$00000011)
    __rt_lib_init_lc_ctype_1                 0x08000253   Thumb Code     0  libinit2.o(.ARM.Collect$$libinit$$00000013)
    __rt_lib_init_lc_monetary_1              0x08000253   Thumb Code     0  libinit2.o(.ARM.Collect$$libinit$$00000015)
    __rt_lib_init_lc_numeric_1               0x08000253   Thumb Code     0  libinit2.o(.ARM.Collect$$libinit$$00000017)
    __rt_lib_init_lc_time_1                  0x08000253   Thumb Code     0  libinit2.o(.ARM.Collect$$libinit$$00000019)
    __rt_lib_init_preinit_1                  0x08000253   Thumb Code     0  libinit2.o(.ARM.Collect$$libinit$$00000004)
    __rt_lib_init_rand_1                     0x08000253   Thumb Code     0  libinit2.o(.ARM.Collect$$libinit$$0000000E)
    __rt_lib_init_return                     0x08000253   Thumb Code     0  libinit2.o(.ARM.Collect$$libinit$$00000033)
    __rt_lib_init_signal_1                   0x08000253   Thumb Code     0  libinit2.o(.ARM.Collect$$libinit$$0000001D)
    __rt_lib_init_stdio_1                    0x08000253   Thumb Code     0  libinit2.o(.ARM.Collect$$libinit$$00000025)
    __rt_lib_init_user_alloc_1               0x08000253   Thumb Code     0  libinit2.o(.ARM.Collect$$libinit$$0000000C)
    __rt_lib_shutdown                        0x08000255   Thumb Code     0  libshutdown.o(.ARM.Collect$$libshutdown$$00000000)
    __rt_lib_shutdown_fp_trap_1              0x08000257   Thumb Code     0  libshutdown2.o(.ARM.Collect$$libshutdown$$00000006)
    __rt_lib_shutdown_heap_1                 0x08000257   Thumb Code     0  libshutdown2.o(.ARM.Collect$$libshutdown$$0000000E)
    __rt_lib_shutdown_return                 0x08000257   Thumb Code     0  libshutdown2.o(.ARM.Collect$$libshutdown$$0000000F)
    __rt_lib_shutdown_signal_1               0x08000257   Thumb Code     0  libshutdown2.o(.ARM.Collect$$libshutdown$$00000009)
    __rt_lib_shutdown_stdio_1                0x08000257   Thumb Code     0  libshutdown2.o(.ARM.Collect$$libshutdown$$00000003)
    __rt_lib_shutdown_user_alloc_1           0x08000257   Thumb Code     0  libshutdown2.o(.ARM.Collect$$libshutdown$$0000000B)
    __rt_entry                               0x08000259   Thumb Code     0  __rtentry.o(.ARM.Collect$$rtentry$$00000000)
    __rt_entry_presh_1                       0x08000259   Thumb Code     0  __rtentry2.o(.ARM.Collect$$rtentry$$00000002)
    __rt_entry_sh                            0x08000259   Thumb Code     0  __rtentry4.o(.ARM.Collect$$rtentry$$00000004)
    __rt_entry_li                            0x0800025f   Thumb Code     0  __rtentry2.o(.ARM.Collect$$rtentry$$0000000A)
    __rt_entry_postsh_1                      0x0800025f   Thumb Code     0  __rtentry2.o(.ARM.Collect$$rtentry$$00000009)
    __rt_entry_main                          0x08000263   Thumb Code     0  __rtentry2.o(.ARM.Collect$$rtentry$$0000000D)
    __rt_entry_postli_1                      0x08000263   Thumb Code     0  __rtentry2.o(.ARM.Collect$$rtentry$$0000000C)
    __rt_exit                                0x0800026b   Thumb Code     0  rtexit.o(.ARM.Collect$$rtexit$$00000000)
    __rt_exit_ls                             0x0800026d   Thumb Code     0  rtexit2.o(.ARM.Collect$$rtexit$$00000003)
    __rt_exit_prels_1                        0x0800026d   Thumb Code     0  rtexit2.o(.ARM.Collect$$rtexit$$00000002)
    __rt_exit_exit                           0x08000271   Thumb Code     0  rtexit2.o(.ARM.Collect$$rtexit$$00000004)
    Reset_Handler                            0x08000279   Thumb Code     8  startup_stm32f40_41xxx.o(.text)
    NMI_Handler                              0x08000281   Thumb Code     2  startup_stm32f40_41xxx.o(.text)
    HardFault_Handler                        0x08000283   Thumb Code     2  startup_stm32f40_41xxx.o(.text)
    MemManage_Handler                        0x08000285   Thumb Code     2  startup_stm32f40_41xxx.o(.text)
    BusFault_Handler                         0x08000287   Thumb Code     2  startup_stm32f40_41xxx.o(.text)
    UsageFault_Handler                       0x08000289   Thumb Code     2  startup_stm32f40_41xxx.o(.text)
    SVC_Handler                              0x0800028b   Thumb Code     2  startup_stm32f40_41xxx.o(.text)
    DebugMon_Handler                         0x0800028d   Thumb Code     2  startup_stm32f40_41xxx.o(.text)
    PendSV_Handler                           0x0800028f   Thumb Code     2  startup_stm32f40_41xxx.o(.text)
    SysTick_Handler                          0x08000291   Thumb Code     2  startup_stm32f40_41xxx.o(.text)
    ADC_IRQHandler                           0x08000293   Thumb Code     0  startup_stm32f40_41xxx.o(.text)
    CAN1_RX0_IRQHandler                      0x08000293   Thumb Code     0  startup_stm32f40_41xxx.o(.text)
    CAN1_RX1_IRQHandler                      0x08000293   Thumb Code     0  startup_stm32f40_41xxx.o(.text)
    CAN1_SCE_IRQHandler                      0x08000293   Thumb Code     0  startup_stm32f40_41xxx.o(.text)
    CAN1_TX_IRQHandler                       0x08000293   Thumb Code     0  startup_stm32f40_41xxx.o(.text)
    CAN2_RX0_IRQHandler                      0x08000293   Thumb Code     0  startup_stm32f40_41xxx.o(.text)
    CAN2_RX1_IRQHandler                      0x08000293   Thumb Code     0  startup_stm32f40_41xxx.o(.text)
    CAN2_SCE_IRQHandler                      0x08000293   Thumb Code     0  startup_stm32f40_41xxx.o(.text)
    CAN2_TX_IRQHandler                       0x08000293   Thumb Code     0  startup_stm32f40_41xxx.o(.text)
    CRYP_IRQHandler                          0x08000293   Thumb Code     0  startup_stm32f40_41xxx.o(.text)
    DCMI_IRQHandler                          0x08000293   Thumb Code     0  startup_stm32f40_41xxx.o(.text)
    DMA1_Stream0_IRQHandler                  0x08000293   Thumb Code     0  startup_stm32f40_41xxx.o(.text)
    DMA1_Stream1_IRQHandler                  0x08000293   Thumb Code     0  startup_stm32f40_41xxx.o(.text)
    DMA1_Stream2_IRQHandler                  0x08000293   Thumb Code     0  startup_stm32f40_41xxx.o(.text)
    DMA1_Stream3_IRQHandler                  0x08000293   Thumb Code     0  startup_stm32f40_41xxx.o(.text)
    DMA1_Stream4_IRQHandler                  0x08000293   Thumb Code     0  startup_stm32f40_41xxx.o(.text)
    DMA1_Stream5_IRQHandler                  0x08000293   Thumb Code     0  startup_stm32f40_41xxx.o(.text)
    DMA1_Stream6_IRQHandler                  0x08000293   Thumb Code     0  startup_stm32f40_41xxx.o(.text)
    DMA1_Stream7_IRQHandler                  0x08000293   Thumb Code     0  startup_stm32f40_41xxx.o(.text)
    DMA2_Stream0_IRQHandler                  0x08000293   Thumb Code     0  startup_stm32f40_41xxx.o(.text)
    DMA2_Stream1_IRQHandler                  0x08000293   Thumb Code     0  startup_stm32f40_41xxx.o(.text)
    DMA2_Stream2_IRQHandler                  0x08000293   Thumb Code     0  startup_stm32f40_41xxx.o(.text)
    DMA2_Stream3_IRQHandler                  0x08000293   Thumb Code     0  startup_stm32f40_41xxx.o(.text)
    DMA2_Stream4_IRQHandler                  0x08000293   Thumb Code     0  startup_stm32f40_41xxx.o(.text)
    DMA2_Stream5_IRQHandler                  0x08000293   Thumb Code     0  startup_stm32f40_41xxx.o(.text)
    DMA2_Stream6_IRQHandler                  0x08000293   Thumb Code     0  startup_stm32f40_41xxx.o(.text)
    DMA2_Stream7_IRQHandler                  0x08000293   Thumb Code     0  startup_stm32f40_41xxx.o(.text)
    ETH_IRQHandler                           0x08000293   Thumb Code     0  startup_stm32f40_41xxx.o(.text)
    ETH_WKUP_IRQHandler                      0x08000293   Thumb Code     0  startup_stm32f40_41xxx.o(.text)
    EXTI15_10_IRQHandler                     0x08000293   Thumb Code     0  startup_stm32f40_41xxx.o(.text)
    EXTI1_IRQHandler                         0x08000293   Thumb Code     0  startup_stm32f40_41xxx.o(.text)
    FLASH_IRQHandler                         0x08000293   Thumb Code     0  startup_stm32f40_41xxx.o(.text)
    FPU_IRQHandler                           0x08000293   Thumb Code     0  startup_stm32f40_41xxx.o(.text)
    FSMC_IRQHandler                          0x08000293   Thumb Code     0  startup_stm32f40_41xxx.o(.text)
    HASH_RNG_IRQHandler                      0x08000293   Thumb Code     0  startup_stm32f40_41xxx.o(.text)
    I2C1_ER_IRQHandler                       0x08000293   Thumb Code     0  startup_stm32f40_41xxx.o(.text)
    I2C1_EV_IRQHandler                       0x08000293   Thumb Code     0  startup_stm32f40_41xxx.o(.text)
    I2C2_ER_IRQHandler                       0x08000293   Thumb Code     0  startup_stm32f40_41xxx.o(.text)
    I2C2_EV_IRQHandler                       0x08000293   Thumb Code     0  startup_stm32f40_41xxx.o(.text)
    I2C3_ER_IRQHandler                       0x08000293   Thumb Code     0  startup_stm32f40_41xxx.o(.text)
    I2C3_EV_IRQHandler                       0x08000293   Thumb Code     0  startup_stm32f40_41xxx.o(.text)
    OTG_FS_IRQHandler                        0x08000293   Thumb Code     0  startup_stm32f40_41xxx.o(.text)
    OTG_FS_WKUP_IRQHandler                   0x08000293   Thumb Code     0  startup_stm32f40_41xxx.o(.text)
    OTG_HS_EP1_IN_IRQHandler                 0x08000293   Thumb Code     0  startup_stm32f40_41xxx.o(.text)
    OTG_HS_EP1_OUT_IRQHandler                0x08000293   Thumb Code     0  startup_stm32f40_41xxx.o(.text)
    OTG_HS_IRQHandler                        0x08000293   Thumb Code     0  startup_stm32f40_41xxx.o(.text)
    OTG_HS_WKUP_IRQHandler                   0x08000293   Thumb Code     0  startup_stm32f40_41xxx.o(.text)
    PVD_IRQHandler                           0x08000293   Thumb Code     0  startup_stm32f40_41xxx.o(.text)
    RCC_IRQHandler                           0x08000293   Thumb Code     0  startup_stm32f40_41xxx.o(.text)
    RTC_Alarm_IRQHandler                     0x08000293   Thumb Code     0  startup_stm32f40_41xxx.o(.text)
    RTC_WKUP_IRQHandler                      0x08000293   Thumb Code     0  startup_stm32f40_41xxx.o(.text)
    SDIO_IRQHandler                          0x08000293   Thumb Code     0  startup_stm32f40_41xxx.o(.text)
    SPI1_IRQHandler                          0x08000293   Thumb Code     0  startup_stm32f40_41xxx.o(.text)
    SPI2_IRQHandler                          0x08000293   Thumb Code     0  startup_stm32f40_41xxx.o(.text)
    SPI3_IRQHandler                          0x08000293   Thumb Code     0  startup_stm32f40_41xxx.o(.text)
    TAMP_STAMP_IRQHandler                    0x08000293   Thumb Code     0  startup_stm32f40_41xxx.o(.text)
    TIM1_BRK_TIM9_IRQHandler                 0x08000293   Thumb Code     0  startup_stm32f40_41xxx.o(.text)
    TIM1_CC_IRQHandler                       0x08000293   Thumb Code     0  startup_stm32f40_41xxx.o(.text)
    TIM1_TRG_COM_TIM11_IRQHandler            0x08000293   Thumb Code     0  startup_stm32f40_41xxx.o(.text)
    TIM5_IRQHandler                          0x08000293   Thumb Code     0  startup_stm32f40_41xxx.o(.text)
    TIM6_DAC_IRQHandler                      0x08000293   Thumb Code     0  startup_stm32f40_41xxx.o(.text)
    TIM7_IRQHandler                          0x08000293   Thumb Code     0  startup_stm32f40_41xxx.o(.text)
    TIM8_BRK_TIM12_IRQHandler                0x08000293   Thumb Code     0  startup_stm32f40_41xxx.o(.text)
    TIM8_CC_IRQHandler                       0x08000293   Thumb Code     0  startup_stm32f40_41xxx.o(.text)
    TIM8_TRG_COM_TIM14_IRQHandler            0x08000293   Thumb Code     0  startup_stm32f40_41xxx.o(.text)
    TIM8_UP_TIM13_IRQHandler                 0x08000293   Thumb Code     0  startup_stm32f40_41xxx.o(.text)
    UART4_IRQHandler                         0x08000293   Thumb Code     0  startup_stm32f40_41xxx.o(.text)
    UART5_IRQHandler                         0x08000293   Thumb Code     0  startup_stm32f40_41xxx.o(.text)
    USART2_IRQHandler                        0x08000293   Thumb Code     0  startup_stm32f40_41xxx.o(.text)
    USART3_IRQHandler                        0x08000293   Thumb Code     0  startup_stm32f40_41xxx.o(.text)
    USART6_IRQHandler                        0x08000293   Thumb Code     0  startup_stm32f40_41xxx.o(.text)
    WWDG_IRQHandler                          0x08000293   Thumb Code     0  startup_stm32f40_41xxx.o(.text)
    __user_initial_stackheap                 0x08000295   Thumb Code     0  startup_stm32f40_41xxx.o(.text)
    __use_no_semihosting                     0x080002b9   Thumb Code     2  use_no_semi_2.o(.text)
    __2printf                                0x080002bd   Thumb Code    20  noretval__2printf.o(.text)
    _printf_str                              0x080002d5   Thumb Code    82  _printf_str.o(.text)
    _printf_int_hex                          0x08000329   Thumb Code    84  _printf_hex_int.o(.text)
    _printf_longlong_hex                     0x08000329   Thumb Code     0  _printf_hex_int.o(.text)
    __printf                                 0x08000381   Thumb Code   144  __printf_flags.o(.text)
    __aeabi_memclr                           0x08000415   Thumb Code     0  rt_memclr.o(.text)
    __rt_memclr                              0x08000415   Thumb Code    68  rt_memclr.o(.text)
    _memset                                  0x08000419   Thumb Code     0  rt_memclr.o(.text)
    strcmp                                   0x08000459   Thumb Code   128  strcmpv7m.o(.text)
    __use_two_region_memory                  0x080004d9   Thumb Code     2  heapauxi.o(.text)
    __rt_heap_escrow$2region                 0x080004db   Thumb Code     2  heapauxi.o(.text)
    __rt_heap_expand$2region                 0x080004dd   Thumb Code     2  heapauxi.o(.text)
    __I$use$semihosting                      0x080004df   Thumb Code     0  use_no_semi.o(.text)
    __use_no_semihosting_swi                 0x080004df   Thumb Code     2  use_no_semi.o(.text)
    _printf_int_common                       0x080004e1   Thumb Code   178  _printf_intcommon.o(.text)
    _printf_cs_common                        0x08000593   Thumb Code    20  _printf_char.o(.text)
    _printf_char                             0x080005a7   Thumb Code    16  _printf_char.o(.text)
    _printf_string                           0x080005b7   Thumb Code     8  _printf_char.o(.text)
    _printf_char_file                        0x080005c1   Thumb Code    32  _printf_char_file.o(.text)
    __aeabi_memclr4                          0x080005e5   Thumb Code     0  rt_memclr_w.o(.text)
    __aeabi_memclr8                          0x080005e5   Thumb Code     0  rt_memclr_w.o(.text)
    __rt_memclr_w                            0x080005e5   Thumb Code    78  rt_memclr_w.o(.text)
    _memset_w                                0x080005e9   Thumb Code     0  rt_memclr_w.o(.text)
    _printf_char_common                      0x0800063f   Thumb Code    32  _printf_char_common.o(.text)
    ferror                                   0x08000665   Thumb Code     8  ferror.o(.text)
    __user_setup_stackheap                   0x0800066d   Thumb Code    74  sys_stackheap_outer.o(.text)
    exit                                     0x080006b7   Thumb Code    12  exit.o(.text)
    __user_libspace                          0x080006c5   Thumb Code     8  libspace.o(.text)
    __user_perproc_libspace                  0x080006c5   Thumb Code     0  libspace.o(.text)
    __user_perthread_libspace                0x080006c5   Thumb Code     0  libspace.o(.text)
    Car_backward                             0x080006cd   Thumb Code   286  control.o(i.Car_backward)
    Car_forward                              0x0800080d   Thumb Code   286  control.o(i.Car_forward)
    Car_obstacle                             0x08000949   Thumb Code    86  control.o(i.Car_obstacle)
    Car_speeddown                            0x080009a5   Thumb Code   204  control.o(i.Car_speeddown)
    Car_speedup                              0x08000a8d   Thumb Code   206  control.o(i.Car_speedup)
    Car_stop                                 0x08000b75   Thumb Code   104  control.o(i.Car_stop)
    Car_turnleft                             0x08000bed   Thumb Code   374  control.o(i.Car_turnleft)
    Car_turnright                            0x08000d85   Thumb Code   374  control.o(i.Car_turnright)
    Delay_Init                               0x08000f1d   Thumb Code    12  delay.o(i.Delay_Init)
    EXTI0_IRQHandler                         0x08000f29   Thumb Code    28  exti.o(i.EXTI0_IRQHandler)
    EXTI2_IRQHandler                         0x08000f49   Thumb Code    28  exti.o(i.EXTI2_IRQHandler)
    EXTI3_IRQHandler                         0x08000f69   Thumb Code    28  exti.o(i.EXTI3_IRQHandler)
    EXTI4_IRQHandler                         0x08000f89   Thumb Code    28  exti.o(i.EXTI4_IRQHandler)
    EXTI9_5_IRQHandler                       0x08000fa9   Thumb Code   134  infrared.o(i.EXTI9_5_IRQHandler)
    EXTI_ClearITPendingBit                   0x08001045   Thumb Code     6  stm32f4xx_exti.o(i.EXTI_ClearITPendingBit)
    EXTI_GetITStatus                         0x08001051   Thumb Code    20  stm32f4xx_exti.o(i.EXTI_GetITStatus)
    GPIO_Init                                0x08001069   Thumb Code   144  stm32f4xx_gpio.o(i.GPIO_Init)
    GPIO_PinAFConfig                         0x080010f9   Thumb Code    70  stm32f4xx_gpio.o(i.GPIO_PinAFConfig)
    GPIO_ResetBits                           0x0800113f   Thumb Code     4  stm32f4xx_gpio.o(i.GPIO_ResetBits)
    GPIO_SetBits                             0x08001143   Thumb Code     4  stm32f4xx_gpio.o(i.GPIO_SetBits)
    GPIO_ToggleBits                          0x08001147   Thumb Code     8  stm32f4xx_gpio.o(i.GPIO_ToggleBits)
    Get_Sr04_Distance                        0x08001151   Thumb Code   100  sr04.o(i.Get_Sr04_Distance)
    I2C_Configuration                        0x080011c1   Thumb Code   122  oled_i2c.o(i.I2C_Configuration)
    I2C_WriteByte                            0x08001255   Thumb Code    90  oled_i2c.o(i.I2C_WriteByte)
    Led_Init                                 0x080012c1   Thumb Code   136  led.o(i.Led_Init)
    NVIC_Init                                0x08001351   Thumb Code   106  misc.o(i.NVIC_Init)
    NVIC_PriorityGroupConfig                 0x080013c9   Thumb Code    10  misc.o(i.NVIC_PriorityGroupConfig)
    OLED_Fill                                0x080013dd   Thumb Code    58  oled_i2c.o(i.OLED_Fill)
    OLED_Iic_Mode                            0x08001419   Thumb Code    42  oled_i2c.o(i.OLED_Iic_Mode)
    OLED_Iic_Recv_Ack                        0x08001449   Thumb Code    60  oled_i2c.o(i.OLED_Iic_Recv_Ack)
    OLED_Iic_Send_Byte                       0x0800148d   Thumb Code    86  oled_i2c.o(i.OLED_Iic_Send_Byte)
    OLED_Iic_Start                           0x080014ed   Thumb Code    50  oled_i2c.o(i.OLED_Iic_Start)
    OLED_Iic_Stop                            0x08001529   Thumb Code    48  oled_i2c.o(i.OLED_Iic_Stop)
    OLED_Init                                0x08001561   Thumb Code   178  oled_i2c.o(i.OLED_Init)
    OLED_SetPos                              0x08001613   Thumb Code    40  oled_i2c.o(i.OLED_SetPos)
    OLED_ShowCN                              0x0800163d   Thumb Code    80  oled_i2c.o(i.OLED_ShowCN)
    OLED_ShowStr                             0x08001691   Thumb Code   228  oled_i2c.o(i.OLED_ShowStr)
    Pwm_Init                                 0x0800177d   Thumb Code   314  pwm.o(i.Pwm_Init)
    RCC_AHB1PeriphClockCmd                   0x080018c5   Thumb Code    26  stm32f4xx_rcc.o(i.RCC_AHB1PeriphClockCmd)
    RCC_APB1PeriphClockCmd                   0x080018e5   Thumb Code    26  stm32f4xx_rcc.o(i.RCC_APB1PeriphClockCmd)
    RCC_APB2PeriphClockCmd                   0x08001905   Thumb Code    26  stm32f4xx_rcc.o(i.RCC_APB2PeriphClockCmd)
    RCC_GetClocksFreq                        0x08001925   Thumb Code   214  stm32f4xx_rcc.o(i.RCC_GetClocksFreq)
    Sr04_Init                                0x08001af9   Thumb Code   124  sr04.o(i.Sr04_Init)
    SysTick_CLKSourceConfig                  0x08001b7d   Thumb Code    40  misc.o(i.SysTick_CLKSourceConfig)
    SystemInit                               0x08001ba5   Thumb Code    88  system_stm32f4xx.o(i.SystemInit)
    TIM1_UP_TIM10_IRQHandler                 0x08001c0d   Thumb Code    32  time.o(i.TIM1_UP_TIM10_IRQHandler)
    TIM2_IRQHandler                          0x08001c35   Thumb Code    32  time.o(i.TIM2_IRQHandler)
    TIM3_IRQHandler                          0x08001c59   Thumb Code    32  time.o(i.TIM3_IRQHandler)
    TIM4_IRQHandler                          0x08001c81   Thumb Code    70  time.o(i.TIM4_IRQHandler)
    TIM_ARRPreloadConfig                     0x08001cd5   Thumb Code    24  stm32f4xx_tim.o(i.TIM_ARRPreloadConfig)
    TIM_ClearITPendingBit                    0x08001ced   Thumb Code     6  stm32f4xx_tim.o(i.TIM_ClearITPendingBit)
    TIM_Cmd                                  0x08001cf3   Thumb Code    24  stm32f4xx_tim.o(i.TIM_Cmd)
    TIM_GetITStatus                          0x08001d0b   Thumb Code    34  stm32f4xx_tim.o(i.TIM_GetITStatus)
    TIM_OC1Init                              0x08001d2d   Thumb Code   114  stm32f4xx_tim.o(i.TIM_OC1Init)
    TIM_OC1PreloadConfig                     0x08001da9   Thumb Code    18  stm32f4xx_tim.o(i.TIM_OC1PreloadConfig)
    TIM_OC2Init                              0x08001dbd   Thumb Code   154  stm32f4xx_tim.o(i.TIM_OC2Init)
    TIM_OC2PreloadConfig                     0x08001e61   Thumb Code    26  stm32f4xx_tim.o(i.TIM_OC2PreloadConfig)
    TIM_OC3Init                              0x08001e7d   Thumb Code   150  stm32f4xx_tim.o(i.TIM_OC3Init)
    TIM_OC3PreloadConfig                     0x08001f1d   Thumb Code    18  stm32f4xx_tim.o(i.TIM_OC3PreloadConfig)
    TIM_OC4Init                              0x08001f31   Thumb Code   112  stm32f4xx_tim.o(i.TIM_OC4Init)
    TIM_OC4PreloadConfig                     0x08001fa9   Thumb Code    26  stm32f4xx_tim.o(i.TIM_OC4PreloadConfig)
    TIM_SetCompare1                          0x08001fc3   Thumb Code     4  stm32f4xx_tim.o(i.TIM_SetCompare1)
    TIM_SetCompare2                          0x08001fc7   Thumb Code     4  stm32f4xx_tim.o(i.TIM_SetCompare2)
    TIM_SetCompare3                          0x08001fcb   Thumb Code     4  stm32f4xx_tim.o(i.TIM_SetCompare3)
    TIM_SetCompare4                          0x08001fcf   Thumb Code     4  stm32f4xx_tim.o(i.TIM_SetCompare4)
    TIM_TimeBaseInit                         0x08001fd5   Thumb Code   104  stm32f4xx_tim.o(i.TIM_TimeBaseInit)
    USART1_IRQHandler                        0x08002059   Thumb Code   134  main.o(i.USART1_IRQHandler)
    USART_ClearITPendingBit                  0x080020f9   Thumb Code    30  stm32f4xx_usart.o(i.USART_ClearITPendingBit)
    USART_Cmd                                0x08002117   Thumb Code    24  stm32f4xx_usart.o(i.USART_Cmd)
    USART_GetFlagStatus                      0x0800212f   Thumb Code    26  stm32f4xx_usart.o(i.USART_GetFlagStatus)
    USART_GetITStatus                        0x08002149   Thumb Code    84  stm32f4xx_usart.o(i.USART_GetITStatus)
    USART_ITConfig                           0x0800219d   Thumb Code    74  stm32f4xx_usart.o(i.USART_ITConfig)
    USART_Init                               0x080021e9   Thumb Code   204  stm32f4xx_usart.o(i.USART_Init)
    USART_ReceiveData                        0x080022bd   Thumb Code    10  stm32f4xx_usart.o(i.USART_ReceiveData)
    USART_SendData                           0x080022c7   Thumb Code     8  stm32f4xx_usart.o(i.USART_SendData)
    Usart1_Init                              0x080022d1   Thumb Code   168  usart.o(i.Usart1_Init)
    WriteCmd                                 0x08002381   Thumb Code    14  oled_i2c.o(i.WriteCmd)
    WriteDat                                 0x0800238f   Thumb Code    14  oled_i2c.o(i.WriteDat)
    _sys_exit                                0x0800239d   Thumb Code     6  usart.o(i._sys_exit)
    delay_ms                                 0x080023a5   Thumb Code    70  delay.o(i.delay_ms)
    delay_s                                  0x080023f1   Thumb Code    32  delay.o(i.delay_s)
    delay_us                                 0x08002411   Thumb Code    70  delay.o(i.delay_us)
    fputc                                    0x0800245d   Thumb Code    32  usart.o(i.fputc)
    ir_pluse_high_time                       0x08002481   Thumb Code    34  infrared.o(i.ir_pluse_high_time)
    main                                     0x080024a9   Thumb Code   276  main.o(i.main)
    _fp_init                                 0x08002609   Thumb Code    10  fpinit.o(x$fpl$fpinit)
    __fplib_config_fpu_vfp                   0x08002611   Thumb Code     0  fpinit.o(x$fpl$fpinit)
    __fplib_config_pureend_doubles           0x08002611   Thumb Code     0  fpinit.o(x$fpl$fpinit)
    F6x8                                     0x08002612   Data         552  oled_i2c.o(.constdata)
    F8X16                                    0x0800283a   Data        1520  oled_i2c.o(.constdata)
    Region$$Table$$Base                      0x08002e64   Number         0  anon$$obj.o(Region$$Table)
    Region$$Table$$Limit                     0x08002e84   Number         0  anon$$obj.o(Region$$Table)
    rx_i                                     0x20000000   Data           1  main.o(.data)
    rx_count                                 0x20000001   Data           1  main.o(.data)
    rx_flag                                  0x20000002   Data           1  main.o(.data)
    my_nus                                   0x20000004   Data           4  delay.o(.data)
    my_nms                                   0x20000008   Data           4  delay.o(.data)
    led_flag                                 0x2000000c   Data           4  time.o(.data)
    __stdout                                 0x20000010   Data           4  usart.o(.data)
    F16x16                                   0x20000014   Data         224  oled_i2c.o(.data)
    BMP1                                     0x200000f4   Data        1024  oled_i2c.o(.data)
    car_                                     0x200004f4   Data           2  control.o(.data)
    j                                        0x200004f6   Data           2  control.o(.data)
    flag                                     0x200004f8   Data           1  control.o(.data)
    turnflag                                 0x200004f9   Data           1  control.o(.data)
    i                                        0x200004fa   Data           2  control.o(.data)
    buffer                                   0x2000050c   Data          64  main.o(.bss)
    rx_buffer                                0x2000054c   Data          64  main.o(.bss)
    __libspace_start                         0x2000058c   Data          96  libspace.o(.bss)
    __temporary_stack_top$libspace           0x200005ec   Data           0  libspace.o(.bss)



==============================================================================

Memory Map of the image

  Image Entry point : 0x08000189

  Load Region LR_IROM1 (Base: 0x08000000, Size: 0x00003390, Max: 0x00080000, ABSOLUTE, COMPRESSED[0x00003044])

    Execution Region ER_IROM1 (Base: 0x08000000, Size: 0x00002e84, Max: 0x00080000, ABSOLUTE)

    Base Addr    Size         Type   Attr      Idx    E Section Name        Object

    0x08000000   0x00000188   Data   RO         3064    RESET               startup_stm32f40_41xxx.o
    0x08000188   0x00000008   Code   RO         3172  * !!!main             c_w.l(__main.o)
    0x08000190   0x00000034   Code   RO         3345    !!!scatter          c_w.l(__scatter.o)
    0x080001c4   0x0000005a   Code   RO         3343    !!dczerorl2         c_w.l(__dczerorl2.o)
    0x0800021e   0x00000002   PAD
    0x08000220   0x0000001c   Code   RO         3347    !!handler_zi        c_w.l(__scatter_zi.o)
    0x0800023c   0x00000000   Code   RO         3165    .ARM.Collect$$_printf_percent$$00000000  c_w.l(_printf_percent.o)
    0x0800023c   0x00000006   Code   RO         3164    .ARM.Collect$$_printf_percent$$0000000C  c_w.l(_printf_x.o)
    0x08000242   0x00000006   Code   RO         3163    .ARM.Collect$$_printf_percent$$00000014  c_w.l(_printf_s.o)
    0x08000248   0x00000004   Code   RO         3183    .ARM.Collect$$_printf_percent$$00000017  c_w.l(_printf_percent_end.o)
    0x0800024c   0x00000002   Code   RO         3218    .ARM.Collect$$libinit$$00000000  c_w.l(libinit.o)
    0x0800024e   0x00000004   Code   RO         3224    .ARM.Collect$$libinit$$00000001  c_w.l(libinit2.o)
    0x08000252   0x00000000   Code   RO         3227    .ARM.Collect$$libinit$$00000004  c_w.l(libinit2.o)
    0x08000252   0x00000000   Code   RO         3230    .ARM.Collect$$libinit$$0000000A  c_w.l(libinit2.o)
    0x08000252   0x00000000   Code   RO         3232    .ARM.Collect$$libinit$$0000000C  c_w.l(libinit2.o)
    0x08000252   0x00000000   Code   RO         3234    .ARM.Collect$$libinit$$0000000E  c_w.l(libinit2.o)
    0x08000252   0x00000000   Code   RO         3237    .ARM.Collect$$libinit$$00000011  c_w.l(libinit2.o)
    0x08000252   0x00000000   Code   RO         3239    .ARM.Collect$$libinit$$00000013  c_w.l(libinit2.o)
    0x08000252   0x00000000   Code   RO         3241    .ARM.Collect$$libinit$$00000015  c_w.l(libinit2.o)
    0x08000252   0x00000000   Code   RO         3243    .ARM.Collect$$libinit$$00000017  c_w.l(libinit2.o)
    0x08000252   0x00000000   Code   RO         3245    .ARM.Collect$$libinit$$00000019  c_w.l(libinit2.o)
    0x08000252   0x00000000   Code   RO         3247    .ARM.Collect$$libinit$$0000001B  c_w.l(libinit2.o)
    0x08000252   0x00000000   Code   RO         3249    .ARM.Collect$$libinit$$0000001D  c_w.l(libinit2.o)
    0x08000252   0x00000000   Code   RO         3251    .ARM.Collect$$libinit$$0000001F  c_w.l(libinit2.o)
    0x08000252   0x00000000   Code   RO         3253    .ARM.Collect$$libinit$$00000021  c_w.l(libinit2.o)
    0x08000252   0x00000000   Code   RO         3255    .ARM.Collect$$libinit$$00000023  c_w.l(libinit2.o)
    0x08000252   0x00000000   Code   RO         3257    .ARM.Collect$$libinit$$00000025  c_w.l(libinit2.o)
    0x08000252   0x00000000   Code   RO         3261    .ARM.Collect$$libinit$$0000002C  c_w.l(libinit2.o)
    0x08000252   0x00000000   Code   RO         3263    .ARM.Collect$$libinit$$0000002E  c_w.l(libinit2.o)
    0x08000252   0x00000000   Code   RO         3265    .ARM.Collect$$libinit$$00000030  c_w.l(libinit2.o)
    0x08000252   0x00000000   Code   RO         3267    .ARM.Collect$$libinit$$00000032  c_w.l(libinit2.o)
    0x08000252   0x00000002   Code   RO         3268    .ARM.Collect$$libinit$$00000033  c_w.l(libinit2.o)
    0x08000254   0x00000002   Code   RO         3286    .ARM.Collect$$libshutdown$$00000000  c_w.l(libshutdown.o)
    0x08000256   0x00000000   Code   RO         3297    .ARM.Collect$$libshutdown$$00000003  c_w.l(libshutdown2.o)
    0x08000256   0x00000000   Code   RO         3300    .ARM.Collect$$libshutdown$$00000006  c_w.l(libshutdown2.o)
    0x08000256   0x00000000   Code   RO         3303    .ARM.Collect$$libshutdown$$00000009  c_w.l(libshutdown2.o)
    0x08000256   0x00000000   Code   RO         3305    .ARM.Collect$$libshutdown$$0000000B  c_w.l(libshutdown2.o)
    0x08000256   0x00000000   Code   RO         3308    .ARM.Collect$$libshutdown$$0000000E  c_w.l(libshutdown2.o)
    0x08000256   0x00000002   Code   RO         3309    .ARM.Collect$$libshutdown$$0000000F  c_w.l(libshutdown2.o)
    0x08000258   0x00000000   Code   RO         3176    .ARM.Collect$$rtentry$$00000000  c_w.l(__rtentry.o)
    0x08000258   0x00000000   Code   RO         3187    .ARM.Collect$$rtentry$$00000002  c_w.l(__rtentry2.o)
    0x08000258   0x00000006   Code   RO         3199    .ARM.Collect$$rtentry$$00000004  c_w.l(__rtentry4.o)
    0x0800025e   0x00000000   Code   RO         3189    .ARM.Collect$$rtentry$$00000009  c_w.l(__rtentry2.o)
    0x0800025e   0x00000004   Code   RO         3190    .ARM.Collect$$rtentry$$0000000A  c_w.l(__rtentry2.o)
    0x08000262   0x00000000   Code   RO         3192    .ARM.Collect$$rtentry$$0000000C  c_w.l(__rtentry2.o)
    0x08000262   0x00000008   Code   RO         3193    .ARM.Collect$$rtentry$$0000000D  c_w.l(__rtentry2.o)
    0x0800026a   0x00000002   Code   RO         3222    .ARM.Collect$$rtexit$$00000000  c_w.l(rtexit.o)
    0x0800026c   0x00000000   Code   RO         3270    .ARM.Collect$$rtexit$$00000002  c_w.l(rtexit2.o)
    0x0800026c   0x00000004   Code   RO         3271    .ARM.Collect$$rtexit$$00000003  c_w.l(rtexit2.o)
    0x08000270   0x00000006   Code   RO         3272    .ARM.Collect$$rtexit$$00000004  c_w.l(rtexit2.o)
    0x08000276   0x00000002   PAD
    0x08000278   0x00000040   Code   RO         3065    .text               startup_stm32f40_41xxx.o
    0x080002b8   0x00000002   Code   RO         3112    .text               c_w.l(use_no_semi_2.o)
    0x080002ba   0x00000002   PAD
    0x080002bc   0x00000018   Code   RO         3116    .text               c_w.l(noretval__2printf.o)
    0x080002d4   0x00000052   Code   RO         3120    .text               c_w.l(_printf_str.o)
    0x08000326   0x00000002   PAD
    0x08000328   0x00000058   Code   RO         3125    .text               c_w.l(_printf_hex_int.o)
    0x08000380   0x00000094   Code   RO         3143    .text               c_w.l(__printf_flags.o)
    0x08000414   0x00000044   Code   RO         3166    .text               c_w.l(rt_memclr.o)
    0x08000458   0x00000080   Code   RO         3168    .text               c_w.l(strcmpv7m.o)
    0x080004d8   0x00000006   Code   RO         3170    .text               c_w.l(heapauxi.o)
    0x080004de   0x00000002   Code   RO         3174    .text               c_w.l(use_no_semi.o)
    0x080004e0   0x000000b2   Code   RO         3177    .text               c_w.l(_printf_intcommon.o)
    0x08000592   0x0000002c   Code   RO         3179    .text               c_w.l(_printf_char.o)
    0x080005be   0x00000002   PAD
    0x080005c0   0x00000024   Code   RO         3181    .text               c_w.l(_printf_char_file.o)
    0x080005e4   0x0000004e   Code   RO         3184    .text               c_w.l(rt_memclr_w.o)
    0x08000632   0x00000002   PAD
    0x08000634   0x00000030   Code   RO         3201    .text               c_w.l(_printf_char_common.o)
    0x08000664   0x00000008   Code   RO         3203    .text               c_w.l(ferror.o)
    0x0800066c   0x0000004a   Code   RO         3207    .text               c_w.l(sys_stackheap_outer.o)
    0x080006b6   0x0000000c   Code   RO         3211    .text               c_w.l(exit.o)
    0x080006c2   0x00000002   PAD
    0x080006c4   0x00000008   Code   RO         3219    .text               c_w.l(libspace.o)
    0x080006cc   0x00000140   Code   RO          858    i.Car_backward      control.o
    0x0800080c   0x0000013c   Code   RO          859    i.Car_forward       control.o
    0x08000948   0x0000005c   Code   RO          860    i.Car_obstacle      control.o
    0x080009a4   0x000000e8   Code   RO          861    i.Car_speeddown     control.o
    0x08000a8c   0x000000e8   Code   RO          862    i.Car_speedup       control.o
    0x08000b74   0x00000078   Code   RO          863    i.Car_stop          control.o
    0x08000bec   0x00000198   Code   RO          864    i.Car_turnleft      control.o
    0x08000d84   0x00000198   Code   RO          865    i.Car_turnright     control.o
    0x08000f1c   0x0000000c   Code   RO          288    i.Delay_Init        delay.o
    0x08000f28   0x00000020   Code   RO          240    i.EXTI0_IRQHandler  exti.o
    0x08000f48   0x00000020   Code   RO          241    i.EXTI2_IRQHandler  exti.o
    0x08000f68   0x00000020   Code   RO          242    i.EXTI3_IRQHandler  exti.o
    0x08000f88   0x00000020   Code   RO          243    i.EXTI4_IRQHandler  exti.o
    0x08000fa8   0x0000009c   Code   RO          469    i.EXTI9_5_IRQHandler  infrared.o
    0x08001044   0x0000000c   Code   RO         1222    i.EXTI_ClearITPendingBit  stm32f4xx_exti.o
    0x08001050   0x00000018   Code   RO         1226    i.EXTI_GetITStatus  stm32f4xx_exti.o
    0x08001068   0x00000090   Code   RO         1288    i.GPIO_Init         stm32f4xx_gpio.o
    0x080010f8   0x00000046   Code   RO         1289    i.GPIO_PinAFConfig  stm32f4xx_gpio.o
    0x0800113e   0x00000004   Code   RO         1295    i.GPIO_ResetBits    stm32f4xx_gpio.o
    0x08001142   0x00000004   Code   RO         1296    i.GPIO_SetBits      stm32f4xx_gpio.o
    0x08001146   0x00000008   Code   RO         1298    i.GPIO_ToggleBits   stm32f4xx_gpio.o
    0x0800114e   0x00000002   PAD
    0x08001150   0x00000070   Code   RO          828    i.Get_Sr04_Distance  sr04.o
    0x080011c0   0x00000094   Code   RO          691    i.I2C_Configuration  oled_i2c.o
    0x08001254   0x0000006c   Code   RO          692    i.I2C_WriteByte     oled_i2c.o
    0x080012c0   0x00000090   Code   RO          168    i.Led_Init          led.o
    0x08001350   0x00000078   Code   RO          927    i.NVIC_Init         misc.o
    0x080013c8   0x00000014   Code   RO          928    i.NVIC_PriorityGroupConfig  misc.o
    0x080013dc   0x0000003a   Code   RO          695    i.OLED_Fill         oled_i2c.o
    0x08001416   0x00000002   PAD
    0x08001418   0x00000030   Code   RO          696    i.OLED_Iic_Mode     oled_i2c.o
    0x08001448   0x00000044   Code   RO          697    i.OLED_Iic_Recv_Ack  oled_i2c.o
    0x0800148c   0x00000060   Code   RO          699    i.OLED_Iic_Send_Byte  oled_i2c.o
    0x080014ec   0x0000003c   Code   RO          700    i.OLED_Iic_Start    oled_i2c.o
    0x08001528   0x00000038   Code   RO          701    i.OLED_Iic_Stop     oled_i2c.o
    0x08001560   0x000000b2   Code   RO          702    i.OLED_Init         oled_i2c.o
    0x08001612   0x00000028   Code   RO          705    i.OLED_SetPos       oled_i2c.o
    0x0800163a   0x00000002   PAD
    0x0800163c   0x00000054   Code   RO          706    i.OLED_ShowCN       oled_i2c.o
    0x08001690   0x000000ec   Code   RO          707    i.OLED_ShowStr      oled_i2c.o
    0x0800177c   0x00000148   Code   RO          402    i.Pwm_Init          pwm.o
    0x080018c4   0x00000020   Code   RO         1557    i.RCC_AHB1PeriphClockCmd  stm32f4xx_rcc.o
    0x080018e4   0x00000020   Code   RO         1566    i.RCC_APB1PeriphClockCmd  stm32f4xx_rcc.o
    0x08001904   0x00000020   Code   RO         1569    i.RCC_APB2PeriphClockCmd  stm32f4xx_rcc.o
    0x08001924   0x000000e8   Code   RO         1578    i.RCC_GetClocksFreq  stm32f4xx_rcc.o
    0x08001a0c   0x000000ec   Code   RO         3072    i.SetSysClock       system_stm32f4xx.o
    0x08001af8   0x00000084   Code   RO          829    i.Sr04_Init         sr04.o
    0x08001b7c   0x00000028   Code   RO          931    i.SysTick_CLKSourceConfig  misc.o
    0x08001ba4   0x00000068   Code   RO         3074    i.SystemInit        system_stm32f4xx.o
    0x08001c0c   0x00000028   Code   RO          333    i.TIM1_UP_TIM10_IRQHandler  time.o
    0x08001c34   0x00000024   Code   RO          334    i.TIM2_IRQHandler   time.o
    0x08001c58   0x00000028   Code   RO          335    i.TIM3_IRQHandler   time.o
    0x08001c80   0x00000054   Code   RO          336    i.TIM4_IRQHandler   time.o
    0x08001cd4   0x00000018   Code   RO         2311    i.TIM_ARRPreloadConfig  stm32f4xx_tim.o
    0x08001cec   0x00000006   Code   RO         2318    i.TIM_ClearITPendingBit  stm32f4xx_tim.o
    0x08001cf2   0x00000018   Code   RO         2323    i.TIM_Cmd           stm32f4xx_tim.o
    0x08001d0a   0x00000022   Code   RO         2344    i.TIM_GetITStatus   stm32f4xx_tim.o
    0x08001d2c   0x0000007c   Code   RO         2352    i.TIM_OC1Init       stm32f4xx_tim.o
    0x08001da8   0x00000012   Code   RO         2355    i.TIM_OC1PreloadConfig  stm32f4xx_tim.o
    0x08001dba   0x00000002   PAD
    0x08001dbc   0x000000a4   Code   RO         2357    i.TIM_OC2Init       stm32f4xx_tim.o
    0x08001e60   0x0000001a   Code   RO         2360    i.TIM_OC2PreloadConfig  stm32f4xx_tim.o
    0x08001e7a   0x00000002   PAD
    0x08001e7c   0x000000a0   Code   RO         2362    i.TIM_OC3Init       stm32f4xx_tim.o
    0x08001f1c   0x00000012   Code   RO         2365    i.TIM_OC3PreloadConfig  stm32f4xx_tim.o
    0x08001f2e   0x00000002   PAD
    0x08001f30   0x00000078   Code   RO         2367    i.TIM_OC4Init       stm32f4xx_tim.o
    0x08001fa8   0x0000001a   Code   RO         2369    i.TIM_OC4PreloadConfig  stm32f4xx_tim.o
    0x08001fc2   0x00000004   Code   RO         2385    i.TIM_SetCompare1   stm32f4xx_tim.o
    0x08001fc6   0x00000004   Code   RO         2386    i.TIM_SetCompare2   stm32f4xx_tim.o
    0x08001fca   0x00000004   Code   RO         2387    i.TIM_SetCompare3   stm32f4xx_tim.o
    0x08001fce   0x00000004   Code   RO         2388    i.TIM_SetCompare4   stm32f4xx_tim.o
    0x08001fd2   0x00000002   PAD
    0x08001fd4   0x00000084   Code   RO         2395    i.TIM_TimeBaseInit  stm32f4xx_tim.o
    0x08002058   0x000000a0   Code   RO            4    i.USART1_IRQHandler  main.o
    0x080020f8   0x0000001e   Code   RO         2874    i.USART_ClearITPendingBit  stm32f4xx_usart.o
    0x08002116   0x00000018   Code   RO         2877    i.USART_Cmd         stm32f4xx_usart.o
    0x0800212e   0x0000001a   Code   RO         2880    i.USART_GetFlagStatus  stm32f4xx_usart.o
    0x08002148   0x00000054   Code   RO         2881    i.USART_GetITStatus  stm32f4xx_usart.o
    0x0800219c   0x0000004a   Code   RO         2883    i.USART_ITConfig    stm32f4xx_usart.o
    0x080021e6   0x00000002   PAD
    0x080021e8   0x000000d4   Code   RO         2884    i.USART_Init        stm32f4xx_usart.o
    0x080022bc   0x0000000a   Code   RO         2891    i.USART_ReceiveData  stm32f4xx_usart.o
    0x080022c6   0x00000008   Code   RO         2894    i.USART_SendData    stm32f4xx_usart.o
    0x080022ce   0x00000002   PAD
    0x080022d0   0x000000b0   Code   RO          426    i.Usart1_Init       usart.o
    0x08002380   0x0000000e   Code   RO          708    i.WriteCmd          oled_i2c.o
    0x0800238e   0x0000000e   Code   RO          709    i.WriteDat          oled_i2c.o
    0x0800239c   0x00000006   Code   RO          427    i._sys_exit         usart.o
    0x080023a2   0x00000002   PAD
    0x080023a4   0x0000004c   Code   RO          289    i.delay_ms          delay.o
    0x080023f0   0x00000020   Code   RO          290    i.delay_s           delay.o
    0x08002410   0x0000004c   Code   RO          291    i.delay_us          delay.o
    0x0800245c   0x00000024   Code   RO          428    i.fputc             usart.o
    0x08002480   0x00000028   Code   RO          471    i.ir_pluse_high_time  infrared.o
    0x080024a8   0x00000160   Code   RO            5    i.main              main.o
    0x08002608   0x0000000a   Code   RO         3278    x$fpl$fpinit        fz_wm.l(fpinit.o)
    0x08002612   0x00000818   Data   RO          710    .constdata          oled_i2c.o
    0x08002e2a   0x00000028   Data   RO         3126    .constdata          c_w.l(_printf_hex_int.o)
    0x08002e52   0x00000011   Data   RO         3144    .constdata          c_w.l(__printf_flags.o)
    0x08002e63   0x00000001   PAD
    0x08002e64   0x00000020   Data   RO         3341    Region$$Table       anon$$obj.o


    Execution Region RW_IRAM1 (Base: 0x20000000, Size: 0x00000bf0, Max: 0x00020000, ABSOLUTE, COMPRESSED[0x000001c0])

    Base Addr    Size         Type   Attr      Idx    E Section Name        Object

    0x20000000   0x00000003   Data   RW            7    .data               main.o
    0x20000003   0x00000001   PAD
    0x20000004   0x00000008   Data   RW          292    .data               delay.o
    0x2000000c   0x00000004   Data   RW          341    .data               time.o
    0x20000010   0x00000004   Data   RW          429    .data               usart.o
    0x20000014   0x000004e0   Data   RW          711    .data               oled_i2c.o
    0x200004f4   0x00000008   Data   RW          866    .data               control.o
    0x200004fc   0x00000010   Data   RW         1609    .data               stm32f4xx_rcc.o
    0x2000050c   0x00000080   Zero   RW            6    .bss                main.o
    0x2000058c   0x00000060   Zero   RW         3220    .bss                c_w.l(libspace.o)
    0x200005ec   0x00000004   PAD
    0x200005f0   0x00000200   Zero   RW         3063    HEAP                startup_stm32f40_41xxx.o
    0x200007f0   0x00000400   Zero   RW         3062    STACK               startup_stm32f40_41xxx.o


==============================================================================

Image component sizes


      Code (inc. data)   RO Data    RW Data    ZI Data      Debug   Object Name

      2128        208          0          8          0       6393   control.o
       196         12          0          8          0       2429   delay.o
       128         16          0          0          0       2076   exti.o
       196         28          0          0          0       1326   infrared.o
       144          8          0          0          0        583   led.o
       512        102          0          3        128     301703   main.o
       180         24          0          0          0       2377   misc.o
      1208         98       2072       1248          0       9332   oled_i2c.o
       328         14          0          0          0        779   pwm.o
       244         20          0          0          0       1260   sr04.o
        64         26        392          0       1536        888   startup_stm32f40_41xxx.o
        36         10          0          0          0       1248   stm32f4xx_exti.o
       230          0          0          0          0       3853   stm32f4xx_gpio.o
       328         36          0         16          0       4975   stm32f4xx_rcc.o
       892         66          0          0          0      12346   stm32f4xx_tim.o
       468          8          0          0          0       6683   stm32f4xx_usart.o
       340         32          0          0          0       1745   system_stm32f4xx.o
       200         34          0          4          0       2348   time.o
       218         12          0          4          0       3612   usart.o

    ----------------------------------------------------------------------
      8060        754       2496       1292       1664     365956   Object Totals
         0          0         32          0          0          0   (incl. Generated)
        20          0          0          1          0          0   (incl. Padding)

    ----------------------------------------------------------------------

      Code (inc. data)   RO Data    RW Data    ZI Data      Debug   Library Member Name

        90          0          0          0          0          0   __dczerorl2.o
         8          0          0          0          0         68   __main.o
       148          4         17          0          0         84   __printf_flags.o
         0          0          0          0          0          0   __rtentry.o
        12          0          0          0          0          0   __rtentry2.o
         6          0          0          0          0          0   __rtentry4.o
        52          8          0          0          0          0   __scatter.o
        28          0          0          0          0          0   __scatter_zi.o
        44          0          0          0          0        108   _printf_char.o
        48          6          0          0          0         96   _printf_char_common.o
        36          4          0          0          0         80   _printf_char_file.o
        88          4         40          0          0         88   _printf_hex_int.o
       178          0          0          0          0         88   _printf_intcommon.o
         0          0          0          0          0          0   _printf_percent.o
         4          0          0          0          0          0   _printf_percent_end.o
         6          0          0          0          0          0   _printf_s.o
        82          0          0          0          0         80   _printf_str.o
         6          0          0          0          0          0   _printf_x.o
        12          0          0          0          0         72   exit.o
         8          0          0          0          0         68   ferror.o
         6          0          0          0          0        152   heapauxi.o
         2          0          0          0          0          0   libinit.o
         6          0          0          0          0          0   libinit2.o
         2          0          0          0          0          0   libshutdown.o
         2          0          0          0          0          0   libshutdown2.o
         8          4          0          0         96         68   libspace.o
        24          4          0          0          0         84   noretval__2printf.o
        68          0          0          0          0         68   rt_memclr.o
        78          0          0          0          0         80   rt_memclr_w.o
         2          0          0          0          0          0   rtexit.o
        10          0          0          0          0          0   rtexit2.o
       128          0          0          0          0         68   strcmpv7m.o
        74          0          0          0          0         80   sys_stackheap_outer.o
         2          0          0          0          0         68   use_no_semi.o
         2          0          0          0          0         68   use_no_semi_2.o
        10          0          0          0          0        116   fpinit.o

    ----------------------------------------------------------------------
      1294         34         58          0        100       1684   Library Totals
        14          0          1          0          4          0   (incl. Padding)

    ----------------------------------------------------------------------

      Code (inc. data)   RO Data    RW Data    ZI Data      Debug   Library Name

      1270         34         57          0         96       1568   c_w.l
        10          0          0          0          0        116   fz_wm.l

    ----------------------------------------------------------------------
      1294         34         58          0        100       1684   Library Totals

    ----------------------------------------------------------------------

==============================================================================


      Code (inc. data)   RO Data    RW Data    ZI Data      Debug   

      9354        788       2554       1292       1764     358660   Grand Totals
      9354        788       2554        448       1764     358660   ELF Image Totals (compressed)
      9354        788       2554        448          0          0   ROM Totals

==============================================================================

    Total RO  Size (Code + RO Data)                11908 (  11.63kB)
    Total RW  Size (RW Data + ZI Data)              3056 (   2.98kB)
    Total ROM Size (Code + RO Data + RW Data)      12356 (  12.07kB)

==============================================================================

